Component: ARM Compiler 5.06 update 7 (build 960) Tool: armlink [4d3601]

==============================================================================

Section Cross References

    startup_stm32f413xx.o(RESET) refers to startup_stm32f413xx.o(STACK) for __initial_sp
    startup_stm32f413xx.o(RESET) refers to startup_stm32f413xx.o(.text) for Reset_Handler
    startup_stm32f413xx.o(RESET) refers to stm32f4xx_it.o(i.NMI_Handler) for NMI_Handler
    startup_stm32f413xx.o(RESET) refers to stm32f4xx_it.o(i.HardFault_Handler) for HardFault_Handler
    startup_stm32f413xx.o(RESET) refers to stm32f4xx_it.o(i.MemManage_Handler) for MemManage_Handler
    startup_stm32f413xx.o(RESET) refers to stm32f4xx_it.o(i.BusFault_Handler) for BusFault_Handler
    startup_stm32f413xx.o(RESET) refers to stm32f4xx_it.o(i.UsageFault_Handler) for UsageFault_Handler
    startup_stm32f413xx.o(RESET) refers to stm32f4xx_it.o(i.SVC_Handler) for SVC_Handler
    startup_stm32f413xx.o(RESET) refers to stm32f4xx_it.o(i.DebugMon_Handler) for DebugMon_Handler
    startup_stm32f413xx.o(RESET) refers to stm32f4xx_it.o(i.PendSV_Handler) for PendSV_Handler
    startup_stm32f413xx.o(RESET) refers to stm32f4xx_it.o(i.SysTick_Handler) for SysTick_Handler
    startup_stm32f413xx.o(RESET) refers to stm32f4xx_it.o(i.EXTI0_IRQHandler) for EXTI0_IRQHandler
    startup_stm32f413xx.o(RESET) refers to stm32f4xx_it.o(i.EXTI1_IRQHandler) for EXTI1_IRQHandler
    startup_stm32f413xx.o(RESET) refers to stm32f4xx_it.o(i.EXTI2_IRQHandler) for EXTI2_IRQHandler
    startup_stm32f413xx.o(RESET) refers to stm32f4xx_it.o(i.EXTI3_IRQHandler) for EXTI3_IRQHandler
    startup_stm32f413xx.o(RESET) refers to stm32f4xx_it.o(i.EXTI4_IRQHandler) for EXTI4_IRQHandler
    startup_stm32f413xx.o(RESET) refers to stm32f4xx_it.o(i.DMA1_Stream4_IRQHandler) for DMA1_Stream4_IRQHandler
    startup_stm32f413xx.o(RESET) refers to stm32f4xx_it.o(i.EXTI9_5_IRQHandler) for EXTI9_5_IRQHandler
    startup_stm32f413xx.o(RESET) refers to stm32f4xx_it.o(i.TIM2_IRQHandler) for TIM2_IRQHandler
    startup_stm32f413xx.o(RESET) refers to stm32f4xx_it.o(i.TIM3_IRQHandler) for TIM3_IRQHandler
    startup_stm32f413xx.o(RESET) refers to stm32f4xx_it.o(i.SPI2_IRQHandler) for SPI2_IRQHandler
    startup_stm32f413xx.o(RESET) refers to stm32f4xx_it.o(i.EXTI15_10_IRQHandler) for EXTI15_10_IRQHandler
    startup_stm32f413xx.o(.text) refers to system_stm32f4xx.o(i.SystemInit) for SystemInit
    startup_stm32f413xx.o(.text) refers to entry.o(.ARM.Collect$$$$00000000) for __main
    inputhandler.o(i.ChangeInNote) refers to inputhandler.o(i.CalcuRbKey) for CalcuRbKey
    inputhandler.o(i.ChangeInNote) refers to printfa.o(i.__0snprintf) for __2snprintf
    inputhandler.o(i.ChangeInNote) refers to strlen.o(.text) for strlen
    inputhandler.o(i.ChangeInNote) refers to stm32f4xx_hal_uart.o(i.HAL_UART_Transmit) for HAL_UART_Transmit
    inputhandler.o(i.ChangeInNote) refers to wavegener.o(i.NoteOn) for NoteOn
    inputhandler.o(i.ChangeInNote) refers to usart.o(.bss) for huart3
    inputhandler.o(i.StateSwich) refers to inputhandler.o(.data) for .data
    wavegener.o(i.CalculateHarmonicDecay) refers to wavegener.o(.data) for .data
    wavegener.o(i.GetFreeVoice) refers to wavegener.o(.bss) for .bss
    wavegener.o(i.GetFsFromKey) refers to dflti.o(.text) for __aeabi_i2d
    wavegener.o(i.GetFsFromKey) refers to ddiv.o(.text) for __aeabi_ddiv
    wavegener.o(i.GetFsFromKey) refers to pow.o(i.__hardfp_pow) for __hardfp_pow
    wavegener.o(i.GetFsFromKey) refers to dmul.o(.text) for __aeabi_dmul
    wavegener.o(i.GetFsFromKey) refers to wavegener.o(.data) for .data
    wavegener.o(i.NoteOn) refers to printfa.o(i.__0snprintf) for __2snprintf
    wavegener.o(i.NoteOn) refers to strlen.o(.text) for strlen
    wavegener.o(i.NoteOn) refers to stm32f4xx_hal_uart.o(i.HAL_UART_Transmit) for HAL_UART_Transmit
    wavegener.o(i.NoteOn) refers to wavegener.o(i.GetFreeVoice) for GetFreeVoice
    wavegener.o(i.NoteOn) refers to wavegener.o(i.GetFsFromKey) for GetFsFromKey
    wavegener.o(i.NoteOn) refers to dmul.o(.text) for __aeabi_dmul
    wavegener.o(i.NoteOn) refers to ddiv.o(.text) for __aeabi_ddiv
    wavegener.o(i.NoteOn) refers to dfixui.o(.text) for __aeabi_d2uiz
    wavegener.o(i.NoteOn) refers to usart.o(.bss) for huart3
    wavegener.o(i.NoteOn) refers to wavegener.o(.bss) for .bss
    wavegener.o(i.NoteOn) refers to wavegener.o(.data) for .data
    wavegener.o(i.SwitchTone) refers to wavegener.o(.data) for .data
    wavegener.o(i.SynthGenSample) refers to wavegener.o(i.UpdateEnvelopes) for UpdateEnvelopes
    wavegener.o(i.SynthGenSample) refers to wavegener.o(i.CalculateHarmonicDecay) for CalculateHarmonicDecay
    wavegener.o(i.SynthGenSample) refers to wavegener.o(.data) for .data
    wavegener.o(i.SynthGenSample) refers to wavegener.o(.bss) for .bss
    wavegener.o(i.SynthInit) refers to f2d.o(.text) for __aeabi_f2d
    wavegener.o(i.SynthInit) refers to sin.o(i.__hardfp_sin) for __hardfp_sin
[...]
    .text                                    0x080001f0   Section       36  startup_stm32f413xx.o(.text)
    $v0                                      0x080001f0   Number         0  startup_stm32f413xx.o(.text)
    .text                                    0x08000214   Section        0  uldiv.o(.text)
    .text                                    0x08000276   Section        0  memcpya.o(.text)
    .text                                    0x0800029a   Section        0  memseta.o(.text)
    .text                                    0x080002be   Section        0  strlen.o(.text)
    .text                                    0x080002cc   Section        0  dmul.o(.text)
    .text                                    0x080003b0   Section        0  ddiv.o(.text)
    .text                                    0x0800048e   Section        0  dflti.o(.text)
    .text                                    0x080004b0   Section        0  dfixi.o(.text)
    .text                                    0x080004ee   Section        0  dfixui.o(.text)
    .text                                    0x08000520   Section        0  f2d.o(.text)
    .text                                    0x08000546   Section        0  uidiv.o(.text)
    .text                                    0x08000572   Section        0  llshl.o(.text)
    .text                                    0x08000590   Section        0  llushr.o(.text)
    .text                                    0x080005b0   Section        0  depilogue.o(.text)
    .text                                    0x080005b0   Section        0  iusefp.o(.text)
    .text                                    0x0800066a   Section        0  dadd.o(.text)
    .text                                    0x080007b8   Section        0  dscalb.o(.text)
    .text                                    0x080007e6   Section        0  dfixul.o(.text)
    .text                                    0x08000818   Section       48  cdrcmple.o(.text)
    .text                                    0x08000848   Section       36  init.o(.text)
    .text                                    0x0800086c   Section        0  llsshr.o(.text)
    .text                                    0x08000890   Section        0  dsqrt.o(.text)
    .text                                    0x08000932   Section        0  dfltui.o(.text)
    .text                                    0x0800094c   Section        0  __dczerorl2.o(.text)
    i.BusFault_Handler                       0x080009a2   Section        0  stm32f4xx_it.o(i.BusFault_Handler)
    i.CalcuRbKey                             0x080009a4   Section        0  inputhandler.o(i.CalcuRbKey)
    i.CalculateHarmonicDecay                 0x08000a18   Section        0  wavegener.o(i.CalculateHarmonicDecay)
    i.ChangeInNote                           0x08000a48   Section        0  inputhandler.o(i.ChangeInNote)
    i.DMA1_Stream4_IRQHandler                0x08000ab4   Section        0  stm32f4xx_it.o(i.DMA1_Stream4_IRQHandler)
    i.DMA_CalcBaseAndBitshift                0x08000ac0   Section        0  stm32f4xx_hal_dma.o(i.DMA_CalcBaseAndBitshift)
    DMA_CalcBaseAndBitshift                  0x08000ac1   Thumb Code    34  stm32f4xx_hal_dma.o(i.DMA_CalcBaseAndBitshift)
    i.DMA_CheckFifoParam                     0x08000ae8   Section        0  stm32f4xx_hal_dma.o(i.DMA_CheckFifoParam)
    DMA_CheckFifoParam                       0x08000ae9   Thumb Code    84  stm32f4xx_hal_dma.o(i.DMA_CheckFifoParam)
    i.DMA_SetConfig                          0x08000b3c   Section        0  stm32f4xx_hal_dma.o(i.DMA_SetConfig)
    DMA_SetConfig                            0x08000b3d   Thumb Code    40  stm32f4xx_hal_dma.o(i.DMA_SetConfig)
    i.DebugMon_Handler                       0x08000b64   Section        0  stm32f4xx_it.o(i.DebugMon_Handler)
    i.EXTI0_IRQHandler                       0x08000b66   Section        0  stm32f4xx_it.o(i.EXTI0_IRQHandler)
    i.EXTI15_10_IRQHandler                   0x08000b6c   Section        0  stm32f4xx_it.o(i.EXTI15_10_IRQHandler)
    i.EXTI1_IRQHandler                       0x08000b92   Section        0  stm32f4xx_it.o(i.EXTI1_IRQHandler)
    i.EXTI2_IRQHandler                       0x08000b98   Section        0  stm32f4xx_it.o(i.EXTI2_IRQHandler)
    i.EXTI3_IRQHandler                       0x08000b9e   Section        0  stm32f4xx_it.o(i.EXTI3_IRQHandler)
    i.EXTI4_IRQHandler                       0x08000ba4   Section        0  stm32f4xx_it.o(i.EXTI4_IRQHandler)
    i.EXTI9_5_IRQHandler                     0x08000baa   Section        0  stm32f4xx_it.o(i.EXTI9_5_IRQHandler)
    i.Error_Handler                          0x08000bc2   Section        0  main.o(i.Error_Handler)
    i.GetFreeVoice                           0x08000bc8   Section        0  wavegener.o(i.GetFreeVoice)
    i.GetFsFromKey                           0x08000bec   Section        0  wavegener.o(i.GetFsFromKey)
    i.HAL_DMA_IRQHandler                     0x08000c40   Section        0  stm32f4xx_hal_dma.o(i.HAL_DMA_IRQHandler)
    i.HAL_DMA_Init                           0x08000de0   Section        0  stm32f4xx_hal_dma.o(i.HAL_DMA_Init)
    i.HAL_DMA_Start_IT                       0x08000eb4   Section        0  stm32f4xx_hal_dma.o(i.HAL_DMA_Start_IT)
    i.HAL_Delay                              0x08000f24   Section        0  stm32f4xx_hal.o(i.HAL_Delay)
    i.HAL_GPIO_EXTI_Callback                 0x08000f48   Section        0  main.o(i.HAL_GPIO_EXTI_Callback)
    i.HAL_GPIO_EXTI_IRQHandler               0x08000f54   Section        0  stm32f4xx_hal_gpio.o(i.HAL_GPIO_EXTI_IRQHandler)
    i.HAL_GPIO_Init                          0x08000f6c   Section        0  stm32f4xx_hal_gpio.o(i.HAL_GPIO_Init)
    i.HAL_GPIO_ReadPin                       0x08001148   Section        0  stm32f4xx_hal_gpio.o(i.HAL_GPIO_ReadPin)
    i.HAL_GPIO_WritePin                      0x08001152   Section        0  stm32f4xx_hal_gpio.o(i.HAL_GPIO_WritePin)
    i.HAL_GetTick                            0x0800115c   Section        0  stm32f4xx_hal.o(i.HAL_GetTick)
    i.HAL_I2SEx_FullDuplex_IRQHandler        0x08001168   Section        0  stm32f4xx_hal_i2s_ex.o(i.HAL_I2SEx_FullDuplex_IRQHandler)
    i.HAL_I2SEx_TxRxCpltCallback             0x0800135c   Section        0  stm32f4xx_hal_i2s_ex.o(i.HAL_I2SEx_TxRxCpltCallback)
    i.HAL_I2S_ErrorCallback                  0x0800135e   Section        0  stm32f4xx_hal_i2s.o(i.HAL_I2S_ErrorCallback)
    i.HAL_I2S_IRQHandler                     0x08001360   Section        0  stm32f4xx_hal_i2s.o(i.HAL_I2S_IRQHandler)
    i.HAL_I2S_Init                           0x08001364   Section        0  stm32f4xx_hal_i2s.o(i.HAL_I2S_Init)
    i.HAL_I2S_MspInit                        0x08001504   Section        0  i2s.o(i.HAL_I2S_MspInit)
    i.HAL_I2S_RxCpltCallback                 0x080015e4   Section        0  stm32f4xx_hal_i2s.o(i.HAL_I2S_RxCpltCallback)
    i.HAL_I2S_Transmit_DMA                   0x080015e8   Section        0  stm32f4xx_hal_i2s.o(i.HAL_I2S_Transmit_DMA)
    i.HAL_I2S_TxCpltCallback                 0x080016a8   Section        0  main.o(i.HAL_I2S_TxCpltCallback)
    i.HAL_I2S_TxHalfCpltCallback             0x080016f4   Section        0  main.o(i.HAL_I2S_TxHalfCpltCallback)
    i.HAL_IncTick                            0x08001744   Section        0  stm32f4xx_hal.o(i.HAL_IncTick)
    i.HAL_Init                               0x08001754   Section        0  stm32f4xx_hal.o(i.HAL_Init)
    i.HAL_InitTick                           0x08001788   Section        0  stm32f4xx_hal.o(i.HAL_InitTick)
    i.HAL_MspInit                            0x080017c8   Section        0  stm32f4xx_hal_msp.o(i.HAL_MspInit)
    i.HAL_NVIC_EnableIRQ                     0x080017f8   Section        0  stm32f4xx_hal_cortex.o(i.HAL_NVIC_EnableIRQ)
    i.HAL_NVIC_SetPriority                   0x08001814   Section        0  stm32f4xx_hal_cortex.o(i.HAL_NVIC_SetPriority)
    i.HAL_NVIC_SetPriorityGrouping           0x08001854   Section        0  stm32f4xx_hal_cortex.o(i.HAL_NVIC_SetPriorityGrouping)
    i.HAL_PCDEx_ActivateLPM                  0x08001878   Section        0  stm32f4xx_hal_pcd_ex.o(i.HAL_PCDEx_ActivateLPM)
    i.HAL_PCD_Init                           0x080018a0   Section        0  stm32f4xx_hal_pcd.o(i.HAL_PCD_Init)
    i.HAL_PCD_MspInit                        0x08001990   Section        0  usb_otg.o(i.HAL_PCD_MspInit)
    i.HAL_RCCEx_GetPeriphCLKFreq             0x08001a14   Section        0  stm32f4xx_hal_rcc_ex.o(i.HAL_RCCEx_GetPeriphCLKFreq)
    i.HAL_RCCEx_PeriphCLKConfig              0x08001aec   Section        0  stm32f4xx_hal_rcc_ex.o(i.HAL_RCCEx_PeriphCLKConfig)
    i.HAL_RCC_ClockConfig                    0x08001e24   Section        0  stm32f4xx_hal_rcc.o(i.HAL_RCC_ClockConfig)
    i.HAL_RCC_GetPCLK1Freq                   0x08001f58   Section        0  stm32f4xx_hal_rcc.o(i.HAL_RCC_GetPCLK1Freq)
    i.HAL_RCC_GetPCLK2Freq                   0x08001f78   Section        0  stm32f4xx_hal_rcc.o(i.HAL_RCC_GetPCLK2Freq)
    i.HAL_RCC_GetSysClockFreq                0x08001f98   Section        0  stm32f4xx_hal_rcc.o(i.HAL_RCC_GetSysClockFreq)
    i.HAL_RCC_OscConfig                      0x08001ff8   Section        0  stm32f4xx_hal_rcc_ex.o(i.HAL_RCC_OscConfig)
    i.HAL_SYSTICK_Config                     0x08002378   Section        0  stm32f4xx_hal_cortex.o(i.HAL_SYSTICK_Config)
    i.HAL_TIMEx_BreakCallback                0x080023a0   Section        0  stm32f4xx_hal_tim_ex.o(i.HAL_TIMEx_BreakCallback)
    i.HAL_TIMEx_CommutCallback               0x080023a2   Section        0  stm32f4xx_hal_tim_ex.o(i.HAL_TIMEx_CommutCallback)
    i.HAL_TIMEx_MasterConfigSynchronization  0x080023a4   Section        0  stm32f4xx_hal_tim_ex.o(i.HAL_TIMEx_MasterConfigSynchronization)
    i.HAL_TIM_Base_Init                      0x08002434   Section        0  stm32f4xx_hal_tim.o(i.HAL_TIM_Base_Init)
    i.HAL_TIM_Base_MspInit                   0x08002490   Section        0  tim.o(i.HAL_TIM_Base_MspInit)
    i.HAL_TIM_Base_Start_IT                  0x080024f0   Section        0  stm32f4xx_hal_tim.o(i.HAL_TIM_Base_Start_IT)
    i.HAL_TIM_ConfigClockSource              0x08002570   Section        0  stm32f4xx_hal_tim.o(i.HAL_TIM_ConfigClockSource)
    i.HAL_TIM_IC_CaptureCallback             0x0800264c   Section        0  stm32f4xx_hal_tim.o(i.HAL_TIM_IC_CaptureCallback)
    i.HAL_TIM_IRQHandler                     0x0800264e   Section        0  stm32f4xx_hal_tim.o(i.HAL_TIM_IRQHandler)
    i.HAL_TIM_OC_DelayElapsedCallback        0x080027b4   Section        0  stm32f4xx_hal_tim.o(i.HAL_TIM_OC_DelayElapsedCallback)
    i.HAL_TIM_PWM_PulseFinishedCallback      0x080027b6   Section        0  stm32f4xx_hal_tim.o(i.HAL_TIM_PWM_PulseFinishedCallback)
    i.HAL_TIM_PeriodElapsedCallback          0x080027b8   Section        0  main.o(i.HAL_TIM_PeriodElapsedCallback)
    i.HAL_TIM_TriggerCallback                0x080027d0   Section        0  stm32f4xx_hal_tim.o(i.HAL_TIM_TriggerCallback)
    i.HAL_UART_Init                          0x080027d2   Section        0  stm32f4xx_hal_uart.o(i.HAL_UART_Init)
    i.HAL_UART_MspInit                       0x08002834   Section        0  usart.o(i.HAL_UART_MspInit)
    i.HAL_UART_Transmit                      0x080028a0   Section        0  stm32f4xx_hal_uart.o(i.HAL_UART_Transmit)
    i.HardFault_Handler                      0x08002952   Section        0  stm32f4xx_it.o(i.HardFault_Handler)
    i.I2SEx_RxISR_I2SExt                     0x08002954   Section        0  stm32f4xx_hal_i2s_ex.o(i.I2SEx_RxISR_I2SExt)
    I2SEx_RxISR_I2SExt                       0x08002955   Thumb Code    88  stm32f4xx_hal_i2s_ex.o(i.I2SEx_RxISR_I2SExt)
    i.I2SEx_TxISR_I2SExt                     0x080029b4   Section        0  stm32f4xx_hal_i2s_ex.o(i.I2SEx_TxISR_I2SExt)
    I2SEx_TxISR_I2SExt                       0x080029b5   Thumb Code    88  stm32f4xx_hal_i2s_ex.o(i.I2SEx_TxISR_I2SExt)
    i.I2S_DMAError                           0x08002a14   Section        0  stm32f4xx_hal_i2s.o(i.I2S_DMAError)
    I2S_DMAError                             0x08002a15   Thumb Code    40  stm32f4xx_hal_i2s.o(i.I2S_DMAError)
    i.I2S_DMATxCplt                          0x08002a3c   Section        0  stm32f4xx_hal_i2s.o(i.I2S_DMATxCplt)
    I2S_DMATxCplt                            0x08002a3d   Thumb Code    36  stm32f4xx_hal_i2s.o(i.I2S_DMATxCplt)
    i.I2S_DMATxHalfCplt                      0x08002a60   Section        0  stm32f4xx_hal_i2s.o(i.I2S_DMATxHalfCplt)
    I2S_DMATxHalfCplt                        0x08002a61   Thumb Code    10  stm32f4xx_hal_i2s.o(i.I2S_DMATxHalfCplt)
    i.I2S_IRQHandler                         0x08002a6a   Section        0  stm32f4xx_hal_i2s.o(i.I2S_IRQHandler)
    I2S_IRQHandler                           0x08002a6b   Thumb Code   242  stm32f4xx_hal_i2s.o(i.I2S_IRQHandler)
    i.MX_DMA_Init                            0x08002b5c   Section        0  dma.o(i.MX_DMA_Init)
    i.MX_GPIO_Init                           0x08002b88   Section        0  gpio.o(i.MX_GPIO_Init)
    i.MX_I2S2_Init                           0x08002d40   Section        0  i2s.o(i.MX_I2S2_Init)
    i.MX_TIM2_Init                           0x08002d7c   Section        0  tim.o(i.MX_TIM2_Init)
    i.MX_TIM3_Init                           0x08002de0   Section        0  tim.o(i.MX_TIM3_Init)
    i.MX_USART3_UART_Init                    0x08002e48   Section        0  usart.o(i.MX_USART3_UART_Init)
    i.MX_USB_OTG_FS_PCD_Init                 0x08002e80   Section        0  usb_otg.o(i.MX_USB_OTG_FS_PCD_Init)
    i.MemManage_Handler                      0x08002ebc   Section        0  stm32f4xx_it.o(i.MemManage_Handler)
    i.NMI_Handler                            0x08002ebe   Section        0  stm32f4xx_it.o(i.NMI_Handler)
    i.NoteOn                                 0x08002ec0   Section        0  wavegener.o(i.NoteOn)
    i.PendSV_Handler                         0x0800300c   Section        0  stm32f4xx_it.o(i.PendSV_Handler)
    i.SPI2_IRQHandler                        0x08003010   Section        0  stm32f4xx_it.o(i.SPI2_IRQHandler)
    i.SVC_Handler                            0x0800301c   Section        0  stm32f4xx_it.o(i.SVC_Handler)
    i.ScanFunctionKeys                       0x08003020   Section        0  main.o(i.ScanFunctionKeys)
    i.SwitchTone                             0x08003110   Section        0  wavegener.o(i.SwitchTone)
    i.SynthGenSample                         0x08003160   Section        0  wavegener.o(i.SynthGenSample)
    i.SynthInit                              0x0800334c   Section        0  wavegener.o(i.SynthInit)
    i.SysTick_Handler                        0x080033ec   Section        0  stm32f4xx_it.o(i.SysTick_Handler)
    i.SystemClock_Config                     0x080033f0   Section        0  main.o(i.SystemClock_Config)
    i.SystemInit                             0x080034b0   Section        0  system_stm32f4xx.o(i.SystemInit)
    i.TIM2_IRQHandler                        0x080034c0   Section        0  stm32f4xx_it.o(i.TIM2_IRQHandler)
    i.TIM3_IRQHandler                        0x080034cc   Section        0  stm32f4xx_it.o(i.TIM3_IRQHandler)
    i.TIM_Base_SetConfig                     0x080034d8   Section        0  stm32f4xx_hal_tim.o(i.TIM_Base_SetConfig)
    i.TIM_ETR_SetConfig                      0x080035a0   Section        0  stm32f4xx_hal_tim.o(i.TIM_ETR_SetConfig)
    i.TIM_ITRx_SetConfig                     0x080035b4   Section        0  stm32f4xx_hal_tim.o(i.TIM_ITRx_SetConfig)
    TIM_ITRx_SetConfig                       0x080035b5   Thumb Code    16  stm32f4xx_hal_tim.o(i.TIM_ITRx_SetConfig)
    i.TIM_TI1_ConfigInputStage               0x080035c4   Section        0  stm32f4xx_hal_tim.o(i.TIM_TI1_ConfigInputStage)
    TIM_TI1_ConfigInputStage                 0x080035c5   Thumb Code    34  stm32f4xx_hal_tim.o(i.TIM_TI1_ConfigInputStage)
    i.TIM_TI2_ConfigInputStage               0x080035e6   Section        0  stm32f4xx_hal_tim.o(i.TIM_TI2_ConfigInputStage)
    TIM_TI2_ConfigInputStage                 0x080035e7   Thumb Code    36  stm32f4xx_hal_tim.o(i.TIM_TI2_ConfigInputStage)
    i.Tone_Apply                             0x0800360c   Section        0  tone.o(i.Tone_Apply)
    i.Tone_Init                              0x08003638   Section        0  tone.o(i.Tone_Init)
    i.UART_SetConfig                         0x08003648   Section        0  stm32f4xx_hal_uart.o(i.UART_SetConfig)
    UART_SetConfig                           0x08003649   Thumb Code   270  stm32f4xx_hal_uart.o(i.UART_SetConfig)
    i.UART_WaitOnFlagUntilTimeout            0x08003768   Section        0  stm32f4xx_hal_uart.o(i.UART_WaitOnFlagUntilTimeout)
    UART_WaitOnFlagUntilTimeout              0x08003769   Thumb Code   120  stm32f4xx_hal_uart.o(i.UART_WaitOnFlagUntilTimeout)
    i.USB_CoreInit                           0x080037e0   Section        0  stm32f4xx_ll_usb.o(i.USB_CoreInit)
    i.USB_CoreReset                          0x08003854   Section        0  stm32f4xx_ll_usb.o(i.USB_CoreReset)
    USB_CoreReset                            0x08003855   Thumb Code    58  stm32f4xx_ll_usb.o(i.USB_CoreReset)
    i.USB_DevDisconnect                      0x08003894   Section        0  stm32f4xx_ll_usb.o(i.USB_DevDisconnect)
    i.USB_DevInit                            0x080038b0   Section        0  stm32f4xx_ll_usb.o(i.USB_DevInit)
    i.USB_DisableGlobalInt                   0x08003a20   Section        0  stm32f4xx_ll_usb.o(i.USB_DisableGlobalInt)
    i.USB_FlushRxFifo                        0x08003a2c   Section        0  stm32f4xx_ll_usb.o(i.USB_FlushRxFifo)
    i.USB_FlushTxFifo                        0x08003a54   Section        0  stm32f4xx_ll_usb.o(i.USB_FlushTxFifo)
    i.USB_SetCurrentMode                     0x08003a80   Section        0  stm32f4xx_ll_usb.o(i.USB_SetCurrentMode)
    i.UpdateEnvelopes                        0x08003adc   Section        0  wavegener.o(i.UpdateEnvelopes)
    i.UsageFault_Handler                     0x08003bc8   Section        0  stm32f4xx_it.o(i.UsageFault_Handler)
    i.__0snprintf                            0x08003bcc   Section        0  printfa.o(i.__0snprintf)
    i.__ARM_fpclassify                       0x08003c00   Section        0  fpclassify.o(i.__ARM_fpclassify)
    i.__NVIC_SetPriority                     0x08003c30   Section        0  stm32f4xx_hal_cortex.o(i.__NVIC_SetPriority)
    __NVIC_SetPriority                       0x08003c31   Thumb Code    32  stm32f4xx_hal_cortex.o(i.__NVIC_SetPriority)
    i.__hardfp_pow                           0x08003c50   Section        0  pow.o(i.__hardfp_pow)
    i.__hardfp_sin                           0x080048a0   Section        0  sin.o(i.__hardfp_sin)
    i.__ieee754_rem_pio2                     0x08004968   Section        0  rred.o(i.__ieee754_rem_pio2)
    i.__kernel_cos                           0x08004da0   Section        0  cos_i.o(i.__kernel_cos)
    i.__kernel_poly                          0x08004f10   Section        0  poly.o(i.__kernel_poly)
    i.__kernel_sin                           0x08005008   Section        0  sin_i.o(i.__kernel_sin)
    i.__mathlib_dbl_divzero                  0x08005138   Section        0  dunder.o(i.__mathlib_dbl_divzero)
    i.__mathlib_dbl_infnan                   0x08005168   Section        0  dunder.o(i.__mathlib_dbl_infnan)
    i.__mathlib_dbl_infnan2                  0x0800517c   Section        0  dunder.o(i.__mathlib_dbl_infnan2)
    i.__mathlib_dbl_invalid                  0x08005190   Section        0  dunder.o(i.__mathlib_dbl_invalid)
    i.__mathlib_dbl_overflow                 0x080051b0   Section        0  dunder.o(i.__mathlib_dbl_overflow)
    i.__mathlib_dbl_underflow                0x080051d0   Section        0  dunder.o(i.__mathlib_dbl_underflow)
    i.__scatterload_copy                     0x080051f0   Section       14  handlers.o(i.__scatterload_copy)
    i.__scatterload_null                     0x080051fe   Section        2  handlers.o(i.__scatterload_null)
    i.__scatterload_zeroinit                 0x08005200   Section       14  handlers.o(i.__scatterload_zeroinit)
    i.__set_errno                            0x08005210   Section        0  errno.o(i.__set_errno)
    i._fp_digits                             0x0800521c   Section        0  printfa.o(i._fp_digits)
    _fp_digits                               0x0800521d   Thumb Code   366  printfa.o(i._fp_digits)
    i._printf_core                           0x080053a0   Section        0  printfa.o(i._printf_core)
    _printf_core                             0x080053a1   Thumb Code  1704  printfa.o(i._printf_core)
    i._printf_post_padding                   0x08005a54   Section        0  printfa.o(i._printf_post_padding)
    _printf_post_padding                     0x08005a55   Thumb Code    36  printfa.o(i._printf_post_padding)
    i._printf_pre_padding                    0x08005a78   Section        0  printfa.o(i._printf_pre_padding)
    _printf_pre_padding                      0x08005a79   Thumb Code    46  printfa.o(i._printf_pre_padding)
    i._snputc                                0x08005aa6   Section        0  printfa.o(i._snputc)
    _snputc                                  0x08005aa7   Thumb Code    22  printfa.o(i._snputc)
    i.audioInit                              0x08005abc   Section        0  audiodma.o(i.audioInit)
    i.audioSchedule                          0x08005b98   Section        0  audiodma.o(i.audioSchedule)
    i.fabs                                   0x08005bb8   Section        0  fabs.o(i.fabs)
    i.fillBlock                              0x08005bd0   Section        0  audiodma.o(i.fillBlock)
    fillBlock                                0x08005bd1   Thumb Code    32  audiodma.o(i.fillBlock)
    i.main                                   0x08005bf0   Section        0  main.o(i.main)
    i.sqrt                                   0x08005c44   Section        0  sqrt.o(i.sqrt)
    .constdata                               0x08005cb2   Section       54  tone.o(.constdata)
    tone0_amp                                0x08005cb2   Data           9  tone.o(.constdata)
    tone0_dec                                0x08005cbb   Data           9  tone.o(.constdata)
    tone1_amp                                0x08005cc4   Data           9  tone.o(.constdata)
    tone1_dec                                0x08005ccd   Data           9  tone.o(.constdata)
    tone2_amp                                0x08005cd6   Data           9  tone.o(.constdata)
    tone2_dec                                0x08005cdf   Data           9  tone.o(.constdata)
    .constdata                               0x08005ce8   Section        8  stm32f4xx_hal_dma.o(.constdata)
    flagBitshiftOffset                       0x08005ce8   Data           8  stm32f4xx_hal_dma.o(.constdata)
    .constdata                               0x08005cf0   Section       16  system_stm32f4xx.o(.constdata)
    .constdata                               0x08005d00   Section        8  system_stm32f4xx.o(.constdata)
    .constdata                               0x08005d08   Section      136  pow.o(.constdata)
    bp                                       0x08005d08   Data          16  pow.o(.constdata)
    dp_h                                     0x08005d18   Data          16  pow.o(.constdata)
    dp_l                                     0x08005d28   Data          16  pow.o(.constdata)
    L                                        0x08005d38   Data          48  pow.o(.constdata)
    P                                        0x08005d68   Data          40  pow.o(.constdata)
    .constdata                               0x08005d90   Section       48  cos_i.o(.constdata)
    C                                        0x08005d90   Data          48  cos_i.o(.constdata)
    .constdata                               0x08005dc0   Section        8  qnan.o(.constdata)
    .constdata                               0x08005dc8   Section      200  rred.o(.constdata)
    pio2s                                    0x08005dc8   Data          48  rred.o(.constdata)
    twooverpi                                0x08005df8   Data         152  rred.o(.constdata)
    .constdata                               0x08005e90   Section       40  sin_i.o(.constdata)
    S                                        0x08005e90   Data          40  sin_i.o(.constdata)
    .data                                    0x20000000   Section      104  wavegener.o(.data)
    noiseSeed                                0x20000000   Data           4  wavegener.o(.data)
    .data                                    0x20000068   Section        4  audiodma.o(.data)
    bufIdx                                   0x20000068   Data           4  audiodma.o(.data)
    .data                                    0x2000006c   Section       16  main.o(.data)
    fk1_count                                0x2000006c   Data           1  main.o(.data)
    fk2_count                                0x2000006d   Data           1  main.o(.data)
    fk3_count                                0x2000006e   Data           1  main.o(.data)
    fk1_last                                 0x2000006f   Data           1  main.o(.data)
    fk2_last                                 0x20000070   Data           1  main.o(.data)
    fk3_last                                 0x20000071   Data           1  main.o(.data)
    .data                                    0x2000007c   Section        1  tone.o(.data)
    .data                                    0x20000080   Section       12  stm32f4xx_hal.o(.data)
    .data                                    0x2000008c   Section        4  system_stm32f4xx.o(.data)
    .data                                    0x20000090   Section        4  errno.o(.data)
    _errno                                   0x20000090   Data           4  errno.o(.data)
    .ram2                                    0x20000094   Section     4096  audiodma.o(.ram2)
    audioBuf                                 0x20000094   Data        4096  audiodma.o(.ram2)
    .bss                                     0x20001094   Section     2480  wavegener.o(.bss)
    sinTable                                 0x20001094   Data        2048  wavegener.o(.bss)
    .bss                                     0x20001a44   Section      168  i2s.o(.bss)
    .bss                                     0x20001aec   Section      144  tim.o(.bss)
    .bss                                     0x20001b7c   Section       68  usart.o(.bss)
    .bss                                     0x20001bc0   Section     1032  usb_otg.o(.bss)
    STACK                                    0x20001fc8   Section     1024  startup_stm32f413xx.o(STACK)

    Global Symbols

    Symbol Name                              Value     Ov Type        Size  Object(Section)

    BuildAttributes$$THM_ISAv4$E$P$D$K$B$S$7EM$VFPi3$EXTD16$VFPS$VFMA$PE$A:L22UL41UL21$X:L11$S22US41US21$IEEE1$IW$USESV6$~STKCKD$USESV7$~SHL$OTIME$ROPI$IEEEX$EBA8$MICROLIB$REQ8$PRES8$EABIv2 0x00000000   Number         0  anon$$obj.o ABSOLUTE
    __ARM_use_no_argv                        0x00000000   Number         0  main.o ABSOLUTE
    _printf_a                                0x00000000   Number         0  stubs.o ABSOLUTE
    _printf_c                                0x00000000   Number         0  stubs.o ABSOLUTE
    _printf_charcount                        0x00000000   Number         0  stubs.o ABSOLUTE
    _printf_d                                0x00000000   Number         0  stubs.o ABSOLUTE
    _printf_e                                0x00000000   Number         0  stubs.o ABSOLUTE
    _printf_f                                0x00000000   Number         0  stubs.o ABSOLUTE
    _printf_flags                            0x00000000   Number         0  stubs.o ABSOLUTE
    _printf_fp_dec                           0x00000000   Number         0  stubs.o ABSOLUTE
    _printf_fp_hex                           0x00000000   Number         0  stubs.o ABSOLUTE
    _printf_g                                0x00000000   Number         0  stubs.o ABSOLUTE
    _printf_i                                0x00000000   Number         0  stubs.o ABSOLUTE
    _printf_int_dec                          0x00000000   Number         0  stubs.o ABSOLUTE
    _printf_l                                0x00000000   Number         0  stubs.o ABSOLUTE
    _printf_lc                               0x00000000   Number         0  stubs.o ABSOLUTE
    _printf_ll                               0x00000000   Number         0  stubs.o ABSOLUTE
    _printf_lld                              0x00000000   Number         0  stubs.o ABSOLUTE
    _printf_lli                              0x00000000   Number         0  stubs.o ABSOLUTE
    _printf_llo                              0x00000000   Number         0  stubs.o ABSOLUTE
    _printf_llu                              0x00000000   Number         0  stubs.o ABSOLUTE
    _printf_llx                              0x00000000   Number         0  stubs.o ABSOLUTE
    _printf_longlong_dec                     0x00000000   Number         0  stubs.o ABSOLUTE
    _printf_longlong_hex                     0x00000000   Number         0  stubs.o ABSOLUTE
    _printf_longlong_oct                     0x00000000   Number         0  stubs.o ABSOLUTE
    _printf_ls                               0x00000000   Number         0  stubs.o ABSOLUTE
    _printf_mbtowc                           0x00000000   Number         0  stubs.o ABSOLUTE
    _printf_n                                0x00000000   Number         0  stubs.o ABSOLUTE
    _printf_o                                0x00000000   Number         0  stubs.o ABSOLUTE
    _printf_p                                0x00000000   Number         0  stubs.o ABSOLUTE
    _printf_percent                          0x00000000   Number         0  stubs.o ABSOLUTE
    _printf_pre_padding                      0x00000000   Number         0  stubs.o ABSOLUTE
    _printf_return_value                     0x00000000   Number         0  stubs.o ABSOLUTE
    _printf_s                                0x00000000   Number         0  stubs.o ABSOLUTE
    _printf_sizespec                         0x00000000   Number         0  stubs.o ABSOLUTE
    _printf_str                              0x00000000   Number         0  stubs.o ABSOLUTE
    _printf_truncate_signed                  0x00000000   Number         0  stubs.o ABSOLUTE
    _printf_truncate_unsigned                0x00000000   Number         0  stubs.o ABSOLUTE
    _printf_u                                0x00000000   Number         0  stubs.o ABSOLUTE
    _printf_wc                               0x00000000   Number         0  stubs.o ABSOLUTE
    _printf_wctomb                           0x00000000   Number         0  stubs.o ABSOLUTE
    _printf_widthprec                        0x00000000   Number         0  stubs.o ABSOLUTE
    _printf_x                                0x00000000   Number         0  stubs.o ABSOLUTE
    __arm_fini_                               - Undefined Weak Reference
    __cpp_initialize__aeabi_                  - Undefined Weak Reference
    __cxa_finalize                            - Undefined Weak Reference
    _clock_init                               - Undefined Weak Reference
    _microlib_exit                            - Undefined Weak Reference
    __Vectors_Size                           0x000001d8   Number         0  startup_stm32f413xx.o ABSOLUTE
    __Vectors                                0x08000000   Data           4  startup_stm32f413xx.o(RESET)
    __Vectors_End                            0x080001d8   Data           0  startup_stm32f413xx.o(RESET)
    __main                                   0x080001d9   Thumb Code     0  entry.o(.ARM.Collect$$$$00000000)
    _main_stk                                0x080001d9   Thumb Code     0  entry2.o(.ARM.Collect$$$$00000001)
    _main_scatterload                        0x080001dd   Thumb Code     0  entry5.o(.ARM.Collect$$$$00000004)
    __main_after_scatterload                 0x080001e1   Thumb Code     0  entry5.o(.ARM.Collect$$$$00000004)
    _main_clock                              0x080001e1   Thumb Code     0  entry7b.o(.ARM.Collect$$$$00000008)
    _main_cpp_init                           0x080001e1   Thumb Code     0  entry8b.o(.ARM.Collect$$$$0000000A)
    _main_init                               0x080001e1   Thumb Code     0  entry9a.o(.ARM.Collect$$$$0000000B)
    __rt_lib_shutdown_fini                   0x080001e9   Thumb Code     0  entry12b.o(.ARM.Collect$$$$0000000E)
    __rt_final_cpp                           0x080001ed   Thumb Code     0  entry10a.o(.ARM.Collect$$$$0000000F)
    __rt_final_exit                          0x080001ed   Thumb Code     0  entry11a.o(.ARM.Collect$$$$00000011)
    Reset_Handler                            0x080001f1   Thumb Code     8  startup_stm32f413xx.o(.text)
    ADC_IRQHandler                           0x0800020b   Thumb Code     0  startup_stm32f413xx.o(.text)
    CAN1_RX0_IRQHandler                      0x0800020b   Thumb Code     0  startup_stm32f413xx.o(.text)
    CAN1_RX1_IRQHandler                      0x0800020b   Thumb Code     0  startup_stm32f413xx.o(.text)
    CAN1_SCE_IRQHandler                      0x0800020b   Thumb Code     0  startup_stm32f413xx.o(.text)
    CAN1_TX_IRQHandler                       0x0800020b   Thumb Code     0  startup_stm32f413xx.o(.text)
    CAN2_RX0_IRQHandler                      0x0800020b   Thumb Code     0  startup_stm32f413xx.o(.text)
    CAN2_RX1_IRQHandler                      0x0800020b   Thumb Code     0  startup_stm32f413xx.o(.text)
    CAN2_SCE_IRQHandler                      0x0800020b   Thumb Code     0  startup_stm32f413xx.o(.text)
    CAN2_TX_IRQHandler                       0x0800020b   Thumb Code     0  startup_stm32f413xx.o(.text)
    CAN3_RX0_IRQHandler                      0x0800020b   Thumb Code     0  startup_stm32f413xx.o(.text)
    CAN3_RX1_IRQHandler                      0x0800020b   Thumb Code     0  startup_stm32f413xx.o(.text)
    CAN3_SCE_IRQHandler                      0x0800020b   Thumb Code     0  startup_stm32f413xx.o(.text)
    CAN3_TX_IRQHandler                       0x0800020b   Thumb Code     0  startup_stm32f413xx.o(.text)
    DFSDM1_FLT0_IRQHandler                   0x0800020b   Thumb Code     0  startup_stm32f413xx.o(.text)
    DFSDM1_FLT1_IRQHandler                   0x0800020b   Thumb Code     0  startup_stm32f413xx.o(.text)
    DFSDM2_FLT0_IRQHandler                   0x0800020b   Thumb Code     0  startup_stm32f413xx.o(.text)
    DFSDM2_FLT1_IRQHandler                   0x0800020b   Thumb Code     0  startup_stm32f413xx.o(.text)
    DFSDM2_FLT2_IRQHandler                   0x0800020b   Thumb Code     0  startup_stm32f413xx.o(.text)
    DFSDM2_FLT3_IRQHandler                   0x0800020b   Thumb Code     0  startup_stm32f413xx.o(.text)
    DMA1_Stream0_IRQHandler                  0x0800020b   Thumb Code     0  startup_stm32f413xx.o(.text)
    DMA1_Stream1_IRQHandler                  0x0800020b   Thumb Code     0  startup_stm32f413xx.o(.text)
    DMA1_Stream2_IRQHandler                  0x0800020b   Thumb Code     0  startup_stm32f413xx.o(.text)
    DMA1_Stream3_IRQHandler                  0x0800020b   Thumb Code     0  startup_stm32f413xx.o(.text)
    DMA1_Stream5_IRQHandler                  0x0800020b   Thumb Code     0  startup_stm32f413xx.o(.text)
    DMA1_Stream6_IRQHandler                  0x0800020b   Thumb Code     0  startup_stm32f413xx.o(.text)
    DMA1_Stream7_IRQHandler                  0x0800020b   Thumb Code     0  startup_stm32f413xx.o(.text)
    DMA2_Stream0_IRQHandler                  0x0800020b   Thumb Code     0  startup_stm32f413xx.o(.text)
    DMA2_Stream1_IRQHandler                  0x0800020b   Thumb Code     0  startup_stm32f413xx.o(.text)
    DMA2_Stream2_IRQHandler                  0x0800020b   Thumb Code     0  startup_stm32f413xx.o(.text)
    DMA2_Stream3_IRQHandler                  0x0800020b   Thumb Code     0  startup_stm32f413xx.o(.text)
    DMA2_Stream4_IRQHandler                  0x0800020b   Thumb Code     0  startup_stm32f413xx.o(.text)
    DMA2_Stream5_IRQHandler                  0x0800020b   Thumb Code     0  startup_stm32f413xx.o(.text)
    DMA2_Stream6_IRQHandler                  0x0800020b   Thumb Code     0  startup_stm32f413xx.o(.text)
    DMA2_Stream7_IRQHandler                  0x0800020b   Thumb Code     0  startup_stm32f413xx.o(.text)
    FLASH_IRQHandler                         0x0800020b   Thumb Code     0  startup_stm32f413xx.o(.text)
    FMPI2C1_ER_IRQHandler                    0x0800020b   Thumb Code     0  startup_stm32f413xx.o(.text)
    FMPI2C1_EV_IRQHandler                    0x0800020b   Thumb Code     0  startup_stm32f413xx.o(.text)
    FPU_IRQHandler                           0x0800020b   Thumb Code     0  startup_stm32f413xx.o(.text)
    FSMC_IRQHandler                          0x0800020b   Thumb Code     0  startup_stm32f413xx.o(.text)
    I2C1_ER_IRQHandler                       0x0800020b   Thumb Code     0  startup_stm32f413xx.o(.text)
    I2C1_EV_IRQHandler                       0x0800020b   Thumb Code     0  startup_stm32f413xx.o(.text)
    I2C2_ER_IRQHandler                       0x0800020b   Thumb Code     0  startup_stm32f413xx.o(.text)
    I2C2_EV_IRQHandler                       0x0800020b   Thumb Code     0  startup_stm32f413xx.o(.text)
    I2C3_ER_IRQHandler                       0x0800020b   Thumb Code     0  startup_stm32f413xx.o(.text)
    I2C3_EV_IRQHandler                       0x0800020b   Thumb Code     0  startup_stm32f413xx.o(.text)
    LPTIM1_IRQHandler                        0x0800020b   Thumb Code     0  startup_stm32f413xx.o(.text)
    OTG_FS_IRQHandler                        0x0800020b   Thumb Code     0  startup_stm32f413xx.o(.text)
    OTG_FS_WKUP_IRQHandler                   0x0800020b   Thumb Code     0  startup_stm32f413xx.o(.text)
    PVD_IRQHandler                           0x0800020b   Thumb Code     0  startup_stm32f413xx.o(.text)
    QUADSPI_IRQHandler                       0x0800020b   Thumb Code     0  startup_stm32f413xx.o(.text)
    RCC_IRQHandler                           0x0800020b   Thumb Code     0  startup_stm32f413xx.o(.text)
    RNG_IRQHandler                           0x0800020b   Thumb Code     0  startup_stm32f413xx.o(.text)
    RTC_Alarm_IRQHandler                     0x0800020b   Thumb Code     0  startup_stm32f413xx.o(.text)
    RTC_WKUP_IRQHandler                      0x0800020b   Thumb Code     0  startup_stm32f413xx.o(.text)
    SAI1_IRQHandler                          0x0800020b   Thumb Code     0  startup_stm32f413xx.o(.text)
    SDIO_IRQHandler                          0x0800020b   Thumb Code     0  startup_stm32f413xx.o(.text)
    SPI1_IRQHandler                          0x0800020b   Thumb Code     0  startup_stm32f413xx.o(.text)
    SPI3_IRQHandler                          0x0800020b   Thumb Code     0  startup_stm32f413xx.o(.text)
    SPI4_IRQHandler                          0x0800020b   Thumb Code     0  startup_stm32f413xx.o(.text)
    SPI5_IRQHandler                          0x0800020b   Thumb Code     0  startup_stm32f413xx.o(.text)
    TAMP_STAMP_IRQHandler                    0x0800020b   Thumb Code     0  startup_stm32f413xx.o(.text)
    TIM1_BRK_TIM9_IRQHandler                 0x0800020b   Thumb Code     0  startup_stm32f413xx.o(.text)
    TIM1_CC_IRQHandler                       0x0800020b   Thumb Code     0  startup_stm32f413xx.o(.text)
    TIM1_TRG_COM_TIM11_IRQHandler            0x0800020b   Thumb Code     0  startup_stm32f413xx.o(.text)
    TIM1_UP_TIM10_IRQHandler                 0x0800020b   Thumb Code     0  startup_stm32f413xx.o(.text)
    TIM4_IRQHandler                          0x0800020b   Thumb Code     0  startup_stm32f413xx.o(.text)
    TIM5_IRQHandler                          0x0800020b   Thumb Code     0  startup_stm32f413xx.o(.text)
    TIM6_DAC_IRQHandler                      0x0800020b   Thumb Code     0  startup_stm32f413xx.o(.text)
    TIM7_IRQHandler                          0x0800020b   Thumb Code     0  startup_stm32f413xx.o(.text)
    TIM8_BRK_TIM12_IRQHandler                0x0800020b   Thumb Code     0  startup_stm32f413xx.o(.text)
    TIM8_CC_IRQHandler                       0x0800020b   Thumb Code     0  startup_stm32f413xx.o(.text)
    TIM8_TRG_COM_TIM14_IRQHandler            0x0800020b   Thumb Code     0  startup_stm32f413xx.o(.text)
    TIM8_UP_TIM13_IRQHandler                 0x0800020b   Thumb Code     0  startup_stm32f413xx.o(.text)
    UART10_IRQHandler                        0x0800020b   Thumb Code     0  startup_stm32f413xx.o(.text)
    UART4_IRQHandler                         0x0800020b   Thumb Code     0  startup_stm32f413xx.o(.text)
    UART5_IRQHandler                         0x0800020b   Thumb Code     0  startup_stm32f413xx.o(.text)
    UART7_IRQHandler                         0x0800020b   Thumb Code     0  startup_stm32f413xx.o(.text)
    UART8_IRQHandler                         0x0800020b   Thumb Code     0  startup_stm32f413xx.o(.text)
    UART9_IRQHandler                         0x0800020b   Thumb Code     0  startup_stm32f413xx.o(.text)
    USART1_IRQHandler                        0x0800020b   Thumb Code     0  startup_stm32f413xx.o(.text)
    USART2_IRQHandler                        0x0800020b   Thumb Code     0  startup_stm32f413xx.o(.text)
    USART3_IRQHandler                        0x0800020b   Thumb Code     0  startup_stm32f413xx.o(.text)
    USART6_IRQHandler                        0x0800020b   Thumb Code     0  startup_stm32f413xx.o(.text)
    WWDG_IRQHandler                          0x0800020b   Thumb Code     0  startup_stm32f413xx.o(.text)
    __aeabi_uldivmod                         0x08000215   Thumb Code    98  uldiv.o(.text)
    __aeabi_memcpy                           0x08000277   Thumb Code    36  memcpya.o(.text)
    __aeabi_memcpy4                          0x08000277   Thumb Code     0  memcpya.o(.text)
    __aeabi_memcpy8                          0x08000277   Thumb Code     0  memcpya.o(.text)
    __aeabi_memset                           0x0800029b   Thumb Code    14  memseta.o(.text)
    __aeabi_memset4                          0x0800029b   Thumb Code     0  memseta.o(.text)
    __aeabi_memset8                          0x0800029b   Thumb Code     0  memseta.o(.text)
    __aeabi_memclr                           0x080002a9   Thumb Code     4  memseta.o(.text)
    __aeabi_memclr4                          0x080002a9   Thumb Code     0  memseta.o(.text)
    __aeabi_memclr8                          0x080002a9   Thumb Code     0  memseta.o(.text)
    _memset$wrapper                          0x080002ad   Thumb Code    18  memseta.o(.text)
    strlen                                   0x080002bf   Thumb Code    14  strlen.o(.text)
    __aeabi_dmul                             0x080002cd   Thumb Code   228  dmul.o(.text)
    __aeabi_ddiv                             0x080003b1   Thumb Code   222  ddiv.o(.text)
    __aeabi_i2d                              0x0800048f   Thumb Code    34  dflti.o(.text)
    __aeabi_d2iz                             0x080004b1   Thumb Code    62  dfixi.o(.text)
    __aeabi_d2uiz                            0x080004ef   Thumb Code    50  dfixui.o(.text)
    __aeabi_f2d                              0x08000521   Thumb Code    38  f2d.o(.text)
    __aeabi_uidiv                            0x08000547   Thumb Code     0  uidiv.o(.text)
    __aeabi_uidivmod                         0x08000547   Thumb Code    44  uidiv.o(.text)
    __aeabi_llsl                             0x08000573   Thumb Code    30  llshl.o(.text)
    _ll_shift_l                              0x08000573   Thumb Code     0  llshl.o(.text)
    __aeabi_llsr                             0x08000591   Thumb Code    32  llushr.o(.text)
    _ll_ushift_r                             0x08000591   Thumb Code     0  llushr.o(.text)
    __I$use$fp                               0x080005b1   Thumb Code     0  iusefp.o(.text)
    _double_round                            0x080005b1   Thumb Code    30  depilogue.o(.text)
    _double_epilogue                         0x080005cf   Thumb Code   156  depilogue.o(.text)
    __aeabi_dadd                             0x0800066b   Thumb Code   322  dadd.o(.text)
    __aeabi_dsub                             0x080007ad   Thumb Code     6  dadd.o(.text)
    __aeabi_drsub                            0x080007b3   Thumb Code     6  dadd.o(.text)
    __ARM_scalbn                             0x080007b9   Thumb Code    46  dscalb.o(.text)
    scalbn                                   0x080007b9   Thumb Code     0  dscalb.o(.text)
    __aeabi_d2ulz                            0x080007e7   Thumb Code    48  dfixul.o(.text)
    __aeabi_cdrcmple                         0x08000819   Thumb Code    48  cdrcmple.o(.text)
    __scatterload                            0x08000849   Thumb Code    28  init.o(.text)
    __scatterload_rt2                        0x08000849   Thumb Code     0  init.o(.text)
    __aeabi_lasr                             0x0800086d   Thumb Code    36  llsshr.o(.text)
    _ll_sshift_r                             0x0800086d   Thumb Code     0  llsshr.o(.text)
    _dsqrt                                   0x08000891   Thumb Code   162  dsqrt.o(.text)
    __aeabi_ui2d                             0x08000933   Thumb Code    26  dfltui.o(.text)
    __decompress                             0x0800094d   Thumb Code     0  __dczerorl2.o(.text)
    __decompress1                            0x0800094d   Thumb Code    86  __dczerorl2.o(.text)
    BusFault_Handler                         0x080009a3   Thumb Code     2  stm32f4xx_it.o(i.BusFault_Handler)
    CalcuRbKey                               0x080009a5   Thumb Code   114  inputhandler.o(i.CalcuRbKey)
    CalculateHarmonicDecay                   0x08000a19   Thumb Code    38  wavegener.o(i.CalculateHarmonicDecay)
    ChangeInNote                             0x08000a49   Thumb Code    60  inputhandler.o(i.ChangeInNote)
    DMA1_Stream4_IRQHandler                  0x08000ab5   Thumb Code     6  stm32f4xx_it.o(i.DMA1_Stream4_IRQHandler)
    DebugMon_Handler                         0x08000b65   Thumb Code     2  stm32f4xx_it.o(i.DebugMon_Handler)
    EXTI0_IRQHandler                         0x08000b67   Thumb Code     6  stm32f4xx_it.o(i.EXTI0_IRQHandler)
    EXTI15_10_IRQHandler                     0x08000b6d   Thumb Code    38  stm32f4xx_it.o(i.EXTI15_10_IRQHandler)
    EXTI1_IRQHandler                         0x08000b93   Thumb Code     6  stm32f4xx_it.o(i.EXTI1_IRQHandler)
    EXTI2_IRQHandler                         0x08000b99   Thumb Code     6  stm32f4xx_it.o(i.EXTI2_IRQHandler)
    EXTI3_IRQHandler                         0x08000b9f   Thumb Code     6  stm32f4xx_it.o(i.EXTI3_IRQHandler)
    EXTI4_IRQHandler                         0x08000ba5   Thumb Code     6  stm32f4xx_it.o(i.EXTI4_IRQHandler)
    EXTI9_5_IRQHandler                       0x08000bab   Thumb Code    24  stm32f4xx_it.o(i.EXTI9_5_IRQHandler)
    Error_Handler                            0x08000bc3   Thumb Code     4  main.o(i.Error_Handler)
    GetFreeVoice                             0x08000bc9   Thumb Code    30  wavegener.o(i.GetFreeVoice)
    GetFsFromKey                             0x08000bed   Thumb Code    56  wavegener.o(i.GetFsFromKey)
    HAL_DMA_IRQHandler                       0x08000c41   Thumb Code   412  stm32f4xx_hal_dma.o(i.HAL_DMA_IRQHandler)
    HAL_DMA_Init                             0x08000de1   Thumb Code   206  stm32f4xx_hal_dma.o(i.HAL_DMA_Init)
    HAL_DMA_Start_IT                         0x08000eb5   Thumb Code   110  stm32f4xx_hal_dma.o(i.HAL_DMA_Start_IT)
    HAL_Delay                                0x08000f25   Thumb Code    32  stm32f4xx_hal.o(i.HAL_Delay)
    HAL_GPIO_EXTI_Callback                   0x08000f49   Thumb Code     6  main.o(i.HAL_GPIO_EXTI_Callback)
    HAL_GPIO_EXTI_IRQHandler                 0x08000f55   Thumb Code    18  stm32f4xx_hal_gpio.o(i.HAL_GPIO_EXTI_IRQHandler)
    HAL_GPIO_Init                            0x08000f6d   Thumb Code   436  stm32f4xx_hal_gpio.o(i.HAL_GPIO_Init)
    HAL_GPIO_ReadPin                         0x08001149   Thumb Code    10  stm32f4xx_hal_gpio.o(i.HAL_GPIO_ReadPin)
    HAL_GPIO_WritePin                        0x08001153   Thumb Code    10  stm32f4xx_hal_gpio.o(i.HAL_GPIO_WritePin)
    HAL_GetTick                              0x0800115d   Thumb Code     6  stm32f4xx_hal.o(i.HAL_GetTick)
    HAL_I2SEx_FullDuplex_IRQHandler          0x08001169   Thumb Code   492  stm32f4xx_hal_i2s_ex.o(i.HAL_I2SEx_FullDuplex_IRQHandler)
    HAL_I2SEx_TxRxCpltCallback               0x0800135d   Thumb Code     2  stm32f4xx_hal_i2s_ex.o(i.HAL_I2SEx_TxRxCpltCallback)
    HAL_I2S_ErrorCallback                    0x0800135f   Thumb Code     2  stm32f4xx_hal_i2s.o(i.HAL_I2S_ErrorCallback)
    HAL_I2S_IRQHandler                       0x08001361   Thumb Code     4  stm32f4xx_hal_i2s.o(i.HAL_I2S_IRQHandler)
    HAL_I2S_Init                             0x08001365   Thumb Code   394  stm32f4xx_hal_i2s.o(i.HAL_I2S_Init)
    HAL_I2S_MspInit                          0x08001505   Thumb Code   198  i2s.o(i.HAL_I2S_MspInit)
    HAL_I2S_RxCpltCallback                   0x080015e5   Thumb Code     2  stm32f4xx_hal_i2s.o(i.HAL_I2S_RxCpltCallback)
    HAL_I2S_Transmit_DMA                     0x080015e9   Thumb Code   180  stm32f4xx_hal_i2s.o(i.HAL_I2S_Transmit_DMA)
    HAL_I2S_TxCpltCallback                   0x080016a9   Thumb Code    50  main.o(i.HAL_I2S_TxCpltCallback)
    HAL_I2S_TxHalfCpltCallback               0x080016f5   Thumb Code    50  main.o(i.HAL_I2S_TxHalfCpltCallback)
    HAL_IncTick                              0x08001745   Thumb Code    12  stm32f4xx_hal.o(i.HAL_IncTick)
    HAL_Init                                 0x08001755   Thumb Code    48  stm32f4xx_hal.o(i.HAL_Init)
    HAL_InitTick                             0x08001789   Thumb Code    54  stm32f4xx_hal.o(i.HAL_InitTick)
    HAL_MspInit                              0x080017c9   Thumb Code    42  stm32f4xx_hal_msp.o(i.HAL_MspInit)
    HAL_NVIC_EnableIRQ                       0x080017f9   Thumb Code    26  stm32f4xx_hal_cortex.o(i.HAL_NVIC_EnableIRQ)
    HAL_NVIC_SetPriority                     0x08001815   Thumb Code    60  stm32f4xx_hal_cortex.o(i.HAL_NVIC_SetPriority)
    HAL_NVIC_SetPriorityGrouping             0x08001855   Thumb Code    26  stm32f4xx_hal_cortex.o(i.HAL_NVIC_SetPriorityGrouping)
    HAL_PCDEx_ActivateLPM                    0x08001879   Thumb Code    34  stm32f4xx_hal_pcd_ex.o(i.HAL_PCDEx_ActivateLPM)
    HAL_PCD_Init                             0x080018a1   Thumb Code   238  stm32f4xx_hal_pcd.o(i.HAL_PCD_Init)
    HAL_PCD_MspInit                          0x08001991   Thumb Code   124  usb_otg.o(i.HAL_PCD_MspInit)
    HAL_RCCEx_GetPeriphCLKFreq               0x08001a15   Thumb Code   204  stm32f4xx_hal_rcc_ex.o(i.HAL_RCCEx_GetPeriphCLKFreq)
    HAL_RCCEx_PeriphCLKConfig                0x08001aed   Thumb Code   792  stm32f4xx_hal_rcc_ex.o(i.HAL_RCCEx_PeriphCLKConfig)
    HAL_RCC_ClockConfig                      0x08001e25   Thumb Code   288  stm32f4xx_hal_rcc.o(i.HAL_RCC_ClockConfig)
    HAL_RCC_GetPCLK1Freq                     0x08001f59   Thumb Code    20  stm32f4xx_hal_rcc.o(i.HAL_RCC_GetPCLK1Freq)
    HAL_RCC_GetPCLK2Freq                     0x08001f79   Thumb Code    20  stm32f4xx_hal_rcc.o(i.HAL_RCC_GetPCLK2Freq)
    HAL_RCC_GetSysClockFreq                  0x08001f99   Thumb Code    88  stm32f4xx_hal_rcc.o(i.HAL_RCC_GetSysClockFreq)
    HAL_RCC_OscConfig                        0x08001ff9   Thumb Code   874  stm32f4xx_hal_rcc_ex.o(i.HAL_RCC_OscConfig)
    HAL_SYSTICK_Config                       0x08002379   Thumb Code    40  stm32f4xx_hal_cortex.o(i.HAL_SYSTICK_Config)
    HAL_TIMEx_BreakCallback                  0x080023a1   Thumb Code     2  stm32f4xx_hal_tim_ex.o(i.HAL_TIMEx_BreakCallback)
    HAL_TIMEx_CommutCallback                 0x080023a3   Thumb Code     2  stm32f4xx_hal_tim_ex.o(i.HAL_TIMEx_CommutCallback)
    HAL_TIMEx_MasterConfigSynchronization    0x080023a5   Thumb Code   116  stm32f4xx_hal_tim_ex.o(i.HAL_TIMEx_MasterConfigSynchronization)
    HAL_TIM_Base_Init                        0x08002435   Thumb Code    90  stm32f4xx_hal_tim.o(i.HAL_TIM_Base_Init)
    HAL_TIM_Base_MspInit                     0x08002491   Thumb Code    86  tim.o(i.HAL_TIM_Base_MspInit)
    HAL_TIM_Base_Start_IT                    0x080024f1   Thumb Code   100  stm32f4xx_hal_tim.o(i.HAL_TIM_Base_Start_IT)
    HAL_TIM_ConfigClockSource                0x08002571   Thumb Code   220  stm32f4xx_hal_tim.o(i.HAL_TIM_ConfigClockSource)
    HAL_TIM_IC_CaptureCallback               0x0800264d   Thumb Code     2  stm32f4xx_hal_tim.o(i.HAL_TIM_IC_CaptureCallback)
    HAL_TIM_IRQHandler                       0x0800264f   Thumb Code   358  stm32f4xx_hal_tim.o(i.HAL_TIM_IRQHandler)
    HAL_TIM_OC_DelayElapsedCallback          0x080027b5   Thumb Code     2  stm32f4xx_hal_tim.o(i.HAL_TIM_OC_DelayElapsedCallback)
    HAL_TIM_PWM_PulseFinishedCallback        0x080027b7   Thumb Code     2  stm32f4xx_hal_tim.o(i.HAL_TIM_PWM_PulseFinishedCallback)
    HAL_TIM_PeriodElapsedCallback            0x080027b9   Thumb Code    16  main.o(i.HAL_TIM_PeriodElapsedCallback)
    HAL_TIM_TriggerCallback                  0x080027d1   Thumb Code     2  stm32f4xx_hal_tim.o(i.HAL_TIM_TriggerCallback)
    HAL_UART_Init                            0x080027d3   Thumb Code    98  stm32f4xx_hal_uart.o(i.HAL_UART_Init)
    HAL_UART_MspInit                         0x08002835   Thumb Code    94  usart.o(i.HAL_UART_MspInit)
    HAL_UART_Transmit                        0x080028a1   Thumb Code   178  stm32f4xx_hal_uart.o(i.HAL_UART_Transmit)
    HardFault_Handler                        0x08002953   Thumb Code     2  stm32f4xx_it.o(i.HardFault_Handler)
    MX_DMA_Init                              0x08002b5d   Thumb Code    40  dma.o(i.MX_DMA_Init)
    MX_GPIO_Init                             0x08002b89   Thumb Code   414  gpio.o(i.MX_GPIO_Init)
    MX_I2S2_Init                             0x08002d41   Thumb Code    50  i2s.o(i.MX_I2S2_Init)
    MX_TIM2_Init                             0x08002d7d   Thumb Code    96  tim.o(i.MX_TIM2_Init)
    MX_TIM3_Init                             0x08002de1   Thumb Code    96  tim.o(i.MX_TIM3_Init)
    MX_USART3_UART_Init                      0x08002e49   Thumb Code    48  usart.o(i.MX_USART3_UART_Init)
    MX_USB_OTG_FS_PCD_Init                   0x08002e81   Thumb Code    56  usb_otg.o(i.MX_USB_OTG_FS_PCD_Init)
    MemManage_Handler                        0x08002ebd   Thumb Code     2  stm32f4xx_it.o(i.MemManage_Handler)
    NMI_Handler                              0x08002ebf   Thumb Code     2  stm32f4xx_it.o(i.NMI_Handler)
    NoteOn                                   0x08002ec1   Thumb Code   204  wavegener.o(i.NoteOn)
    PendSV_Handler                           0x0800300d   Thumb Code     2  stm32f4xx_it.o(i.PendSV_Handler)
    SPI2_IRQHandler                          0x08003011   Thumb Code     6  stm32f4xx_it.o(i.SPI2_IRQHandler)
    SVC_Handler                              0x0800301d   Thumb Code     2  stm32f4xx_it.o(i.SVC_Handler)
    ScanFunctionKeys                         0x08003021   Thumb Code   230  main.o(i.ScanFunctionKeys)
    SwitchTone                               0x08003111   Thumb Code    70  wavegener.o(i.SwitchTone)
    SynthGenSample                           0x08003161   Thumb Code   420  wavegener.o(i.SynthGenSample)
    SynthInit                                0x0800334d   Thumb Code   132  wavegener.o(i.SynthInit)
    SysTick_Handler                          0x080033ed   Thumb Code     4  stm32f4xx_it.o(i.SysTick_Handler)
    SystemClock_Config                       0x080033f1   Thumb Code   182  main.o(i.SystemClock_Config)
    SystemInit                               0x080034b1   Thumb Code    12  system_stm32f4xx.o(i.SystemInit)
    TIM2_IRQHandler                          0x080034c1   Thumb Code     6  stm32f4xx_it.o(i.TIM2_IRQHandler)
    TIM3_IRQHandler                          0x080034cd   Thumb Code     6  stm32f4xx_it.o(i.TIM3_IRQHandler)
    TIM_Base_SetConfig                       0x080034d9   Thumb Code   156  stm32f4xx_hal_tim.o(i.TIM_Base_SetConfig)
    TIM_ETR_SetConfig                        0x080035a1   Thumb Code    20  stm32f4xx_hal_tim.o(i.TIM_ETR_SetConfig)
    Tone_Apply                               0x0800360d   Thumb Code    40  tone.o(i.Tone_Apply)
    Tone_Init                                0x08003639   Thumb Code    12  tone.o(i.Tone_Init)
    USB_CoreInit                             0x080037e1   Thumb Code   112  stm32f4xx_ll_usb.o(i.USB_CoreInit)
    USB_DevDisconnect                        0x08003895   Thumb Code    28  stm32f4xx_ll_usb.o(i.USB_DevDisconnect)
    USB_DevInit                              0x080038b1   Thumb Code   358  stm32f4xx_ll_usb.o(i.USB_DevInit)
    USB_DisableGlobalInt                     0x08003a21   Thumb Code    12  stm32f4xx_ll_usb.o(i.USB_DisableGlobalInt)
    USB_FlushRxFifo                          0x08003a2d   Thumb Code    36  stm32f4xx_ll_usb.o(i.USB_FlushRxFifo)
    USB_FlushTxFifo                          0x08003a55   Thumb Code    40  stm32f4xx_ll_usb.o(i.USB_FlushTxFifo)
    USB_SetCurrentMode                       0x08003a81   Thumb Code    92  stm32f4xx_ll_usb.o(i.USB_SetCurrentMode)
    UpdateEnvelopes                          0x08003add   Thumb Code   220  wavegener.o(i.UpdateEnvelopes)
    UsageFault_Handler                       0x08003bc9   Thumb Code     2  stm32f4xx_it.o(i.UsageFault_Handler)
    __0snprintf                              0x08003bcd   Thumb Code    48  printfa.o(i.__0snprintf)
    __1snprintf                              0x08003bcd   Thumb Code     0  printfa.o(i.__0snprintf)
    __2snprintf                              0x08003bcd   Thumb Code     0  printfa.o(i.__0snprintf)
    __c89snprintf                            0x08003bcd   Thumb Code     0  printfa.o(i.__0snprintf)
    snprintf                                 0x08003bcd   Thumb Code     0  printfa.o(i.__0snprintf)
    __ARM_fpclassify                         0x08003c01   Thumb Code    48  fpclassify.o(i.__ARM_fpclassify)
    __hardfp_pow                             0x08003c51   Thumb Code  3072  pow.o(i.__hardfp_pow)
    __hardfp_sin                             0x080048a1   Thumb Code   180  sin.o(i.__hardfp_sin)
    __ieee754_rem_pio2                       0x08004969   Thumb Code   938  rred.o(i.__ieee754_rem_pio2)
    __kernel_cos                             0x08004da1   Thumb Code   322  cos_i.o(i.__kernel_cos)
    __kernel_poly                            0x08004f11   Thumb Code   248  poly.o(i.__kernel_poly)
    __kernel_sin                             0x08005009   Thumb Code   280  sin_i.o(i.__kernel_sin)
    __mathlib_dbl_divzero                    0x08005139   Thumb Code    28  dunder.o(i.__mathlib_dbl_divzero)
    __mathlib_dbl_infnan                     0x08005169   Thumb Code    20  dunder.o(i.__mathlib_dbl_infnan)
    __mathlib_dbl_infnan2                    0x0800517d   Thumb Code    20  dunder.o(i.__mathlib_dbl_infnan2)
    __mathlib_dbl_invalid                    0x08005191   Thumb Code    24  dunder.o(i.__mathlib_dbl_invalid)
    __mathlib_dbl_overflow                   0x080051b1   Thumb Code    24  dunder.o(i.__mathlib_dbl_overflow)
    __mathlib_dbl_underflow                  0x080051d1   Thumb Code    24  dunder.o(i.__mathlib_dbl_underflow)
    __scatterload_copy                       0x080051f1   Thumb Code    14  handlers.o(i.__scatterload_copy)
    __scatterload_null                       0x080051ff   Thumb Code     2  handlers.o(i.__scatterload_null)
    __scatterload_zeroinit                   0x08005201   Thumb Code    14  handlers.o(i.__scatterload_zeroinit)
    __set_errno                              0x08005211   Thumb Code     6  errno.o(i.__set_errno)
    audioInit                                0x08005abd   Thumb Code   118  audiodma.o(i.audioInit)
    audioSchedule                            0x08005b99   Thumb Code    22  audiodma.o(i.audioSchedule)
    fabs                                     0x08005bb9   Thumb Code    24  fabs.o(i.fabs)
    main                                     0x08005bf1   Thumb Code    74  main.o(i.main)
    sqrt                                     0x08005c45   Thumb Code   110  sqrt.o(i.sqrt)
    AHBPrescTable                            0x08005cf0   Data          16  system_stm32f4xx.o(.constdata)
    APBPrescTable                            0x08005d00   Data           8  system_stm32f4xx.o(.constdata)
    __mathlib_zero                           0x08005dc0   Data           8  qnan.o(.constdata)
    Region$$Table$$Base                      0x08005eb8   Number         0  anon$$obj.o(Region$$Table)
    Region$$Table$$Limit                     0x08005ed8   Number         0  anon$$obj.o(Region$$Table)
    Frequency                                0x20000008   Data           8  wavegener.o(.data)
    adsr                                     0x20000010   Data          16  wavegener.o(.data)
    harmAmp                                  0x20000020   Data          36  wavegener.o(.data)
    harmDec                                  0x20000044   Data          36  wavegener.o(.data)
    LEVEL                                    0x20000074   Data           4  main.o(.data)
    scan_tick                                0x20000078   Data           4  main.o(.data)
    tone_id                                  0x2000007c   Data           1  tone.o(.data)
    uwTickFreq                               0x20000080   Data           1  stm32f4xx_hal.o(.data)
    uwTickPrio                               0x20000084   Data           4  stm32f4xx_hal.o(.data)
    uwTick                                   0x20000088   Data           4  stm32f4xx_hal.o(.data)
    SystemCoreClock                          0x2000008c   Data           4  system_stm32f4xx.o(.data)
    voices                                   0x20001894   Data         432  wavegener.o(.bss)
    hi2s2                                    0x20001a44   Data          72  i2s.o(.bss)
    hdma_spi2_tx                             0x20001a8c   Data          96  i2s.o(.bss)
    htim2                                    0x20001aec   Data          72  tim.o(.bss)
    htim3                                    0x20001b34   Data          72  tim.o(.bss)
    huart3                                   0x20001b7c   Data          68  usart.o(.bss)
    hpcd_USB_OTG_FS                          0x20001bc0   Data        1032  usb_otg.o(.bss)
    __initial_sp                             0x200023c8   Data           0  startup_stm32f413xx.o(STACK)



==============================================================================

Memory Map of the image

  Image Entry point : 0x080001d9

  Load Region LR_IROM1 (Base: 0x08000000, Size: 0x00006f6c, Max: 0x00180000, ABSOLUTE, COMPRESSED[0x00005f48])

    Execution Region ER_IROM1 (Exec base: 0x08000000, Load base: 0x08000000, Size: 0x00005ed8, Max: 0x00180000, ABSOLUTE)

    Exec Addr    Load Addr    Size         Type   Attr      Idx    E Section Name        Object

    0x08000000   0x08000000   0x000001d8   Data   RO            3    RESET               startup_stm32f413xx.o
    0x080001d8   0x080001d8   0x00000000   Code   RO         4252  * .ARM.Collect$$$$00000000  mc_w.l(entry.o)
    0x080001d8   0x080001d8   0x00000004   Code   RO         4589    .ARM.Collect$$$$00000001  mc_w.l(entry2.o)
    0x080001dc   0x080001dc   0x00000004   Code   RO         4592    .ARM.Collect$$$$00000004  mc_w.l(entry5.o)
    0x080001e0   0x080001e0   0x00000000   Code   RO         4594    .ARM.Collect$$$$00000008  mc_w.l(entry7b.o)
    0x080001e0   0x080001e0   0x00000000   Code   RO         4596    .ARM.Collect$$$$0000000A  mc_w.l(entry8b.o)
    0x080001e0   0x080001e0   0x00000008   Code   RO         4597    .ARM.Collect$$$$0000000B  mc_w.l(entry9a.o)
    0x080001e8   0x080001e8   0x00000004   Code   RO         4604    .ARM.Collect$$$$0000000E  mc_w.l(entry12b.o)
    0x080001ec   0x080001ec   0x00000000   Code   RO         4599    .ARM.Collect$$$$0000000F  mc_w.l(entry10a.o)
    0x080001ec   0x080001ec   0x00000000   Code   RO         4601    .ARM.Collect$$$$00000011  mc_w.l(entry11a.o)
    0x080001ec   0x080001ec   0x00000004   Code   RO         4590    .ARM.Collect$$$$00002712  mc_w.l(entry2.o)
    0x080001f0   0x080001f0   0x00000024   Code   RO            4    .text               startup_stm32f413xx.o
    0x08000214   0x08000214   0x00000062   Code   RO         4255    .text               mc_w.l(uldiv.o)
    0x08000276   0x08000276   0x00000024   Code   RO         4257    .text               mc_w.l(memcpya.o)
    0x0800029a   0x0800029a   0x00000024   Code   RO         4259    .text               mc_w.l(memseta.o)
    0x080002be   0x080002be   0x0000000e   Code   RO         4261    .text               mc_w.l(strlen.o)
    0x080002cc   0x080002cc   0x000000e4   Code   RO         4526    .text               mf_w.l(dmul.o)
    0x080003b0   0x080003b0   0x000000de   Code   RO         4528    .text               mf_w.l(ddiv.o)
    0x0800048e   0x0800048e   0x00000022   Code   RO         4530    .text               mf_w.l(dflti.o)
    0x080004b0   0x080004b0   0x0000003e   Code   RO         4532    .text               mf_w.l(dfixi.o)
    0x080004ee   0x080004ee   0x00000032   Code   RO         4534    .text               mf_w.l(dfixui.o)
    0x08000520   0x08000520   0x00000026   Code   RO         4536    .text               mf_w.l(f2d.o)
    0x08000546   0x08000546   0x0000002c   Code   RO         4608    .text               mc_w.l(uidiv.o)
    0x08000572   0x08000572   0x0000001e   Code   RO         4610    .text               mc_w.l(llshl.o)
    0x08000590   0x08000590   0x00000020   Code   RO         4612    .text               mc_w.l(llushr.o)
    0x080005b0   0x080005b0   0x00000000   Code   RO         4621    .text               mc_w.l(iusefp.o)
    0x080005b0   0x080005b0   0x000000ba   Code   RO         4622    .text               mf_w.l(depilogue.o)
    0x0800066a   0x0800066a   0x0000014e   Code   RO         4624    .text               mf_w.l(dadd.o)
    0x080007b8   0x080007b8   0x0000002e   Code   RO         4628    .text               mf_w.l(dscalb.o)
    0x080007e6   0x080007e6   0x00000030   Code   RO         4630    .text               mf_w.l(dfixul.o)
    0x08000816   0x08000816   0x00000002   PAD
    0x08000818   0x08000818   0x00000030   Code   RO         4632    .text               mf_w.l(cdrcmple.o)
    0x08000848   0x08000848   0x00000024   Code   RO         4634    .text               mc_w.l(init.o)
    0x0800086c   0x0800086c   0x00000024   Code   RO         4637    .text               mc_w.l(llsshr.o)
    0x08000890   0x08000890   0x000000a2   Code   RO         4640    .text               mf_w.l(dsqrt.o)
    0x08000932   0x08000932   0x0000001a   Code   RO         4642    .text               mf_w.l(dfltui.o)
    0x0800094c   0x0800094c   0x00000056   Code   RO         4654    .text               mc_w.l(__dczerorl2.o)
    0x080009a2   0x080009a2   0x00000002   Code   RO          614    i.BusFault_Handler  stm32f4xx_it.o
    0x080009a4   0x080009a4   0x00000072   Code   RO           13    i.CalcuRbKey        inputhandler.o
    0x08000a16   0x08000a16   0x00000002   PAD
    0x08000a18   0x08000a18   0x00000030   Code   RO          187    i.CalculateHarmonicDecay  wavegener.o
    0x08000a48   0x08000a48   0x0000006c   Code   RO           14    i.ChangeInNote      inputhandler.o
    0x08000ab4   0x08000ab4   0x0000000c   Code   RO          615    i.DMA1_Stream4_IRQHandler  stm32f4xx_it.o
    0x08000ac0   0x08000ac0   0x00000028   Code   RO         1569    i.DMA_CalcBaseAndBitshift  stm32f4xx_hal_dma.o
    0x08000ae8   0x08000ae8   0x00000054   Code   RO         1570    i.DMA_CheckFifoParam  stm32f4xx_hal_dma.o
    0x08000b3c   0x08000b3c   0x00000028   Code   RO         1571    i.DMA_SetConfig     stm32f4xx_hal_dma.o
    0x08000b64   0x08000b64   0x00000002   Code   RO          616    i.DebugMon_Handler  stm32f4xx_it.o
    0x08000b66   0x08000b66   0x00000006   Code   RO          617    i.EXTI0_IRQHandler  stm32f4xx_it.o
    0x08000b6c   0x08000b6c   0x00000026   Code   RO          618    i.EXTI15_10_IRQHandler  stm32f4xx_it.o
    0x08000b92   0x08000b92   0x00000006   Code   RO          619    i.EXTI1_IRQHandler  stm32f4xx_it.o
    0x08000b98   0x08000b98   0x00000006   Code   RO          620    i.EXTI2_IRQHandler  stm32f4xx_it.o
    0x08000b9e   0x08000b9e   0x00000006   Code   RO          621    i.EXTI3_IRQHandler  stm32f4xx_it.o
    0x08000ba4   0x08000ba4   0x00000006   Code   RO          622    i.EXTI4_IRQHandler  stm32f4xx_it.o
    0x08000baa   0x08000baa   0x00000018   Code   RO          623    i.EXTI9_5_IRQHandler  stm32f4xx_it.o
    0x08000bc2   0x08000bc2   0x00000004   Code   RO          308    i.Error_Handler     main.o
    0x08000bc6   0x08000bc6   0x00000002   PAD
    0x08000bc8   0x08000bc8   0x00000024   Code   RO          188    i.GetFreeVoice      wavegener.o
    0x08000bec   0x08000bec   0x00000054   Code   RO          189    i.GetFsFromKey      wavegener.o
    0x08000c40   0x08000c40   0x000001a0   Code   RO         1577    i.HAL_DMA_IRQHandler  stm32f4xx_hal_dma.o
    0x08000de0   0x08000de0   0x000000d4   Code   RO         1578    i.HAL_DMA_Init      stm32f4xx_hal_dma.o
    0x08000eb4   0x08000eb4   0x0000006e   Code   RO         1582    i.HAL_DMA_Start_IT  stm32f4xx_hal_dma.o
    0x08000f22   0x08000f22   0x00000002   PAD
    0x08000f24   0x08000f24   0x00000024   Code   RO         2015    i.HAL_Delay         stm32f4xx_hal.o
    0x08000f48   0x08000f48   0x0000000c   Code   RO          309    i.HAL_GPIO_EXTI_Callback  main.o
    0x08000f54   0x08000f54   0x00000018   Code   RO         1464    i.HAL_GPIO_EXTI_IRQHandler  stm32f4xx_hal_gpio.o
    0x08000f6c   0x08000f6c   0x000001dc   Code   RO         1465    i.HAL_GPIO_Init     stm32f4xx_hal_gpio.o
    0x08001148   0x08001148   0x0000000a   Code   RO         1467    i.HAL_GPIO_ReadPin  stm32f4xx_hal_gpio.o
    0x08001152   0x08001152   0x0000000a   Code   RO         1469    i.HAL_GPIO_WritePin  stm32f4xx_hal_gpio.o
    0x0800115c   0x0800115c   0x0000000c   Code   RO         2021    i.HAL_GetTick       stm32f4xx_hal.o
    0x08001168   0x08001168   0x000001f4   Code   RO          984    i.HAL_I2SEx_FullDuplex_IRQHandler  stm32f4xx_hal_i2s_ex.o
    0x0800135c   0x0800135c   0x00000002   Code   RO          988    i.HAL_I2SEx_TxRxCpltCallback  stm32f4xx_hal_i2s_ex.o
    0x0800135e   0x0800135e   0x00000002   Code   RO          809    i.HAL_I2S_ErrorCallback  stm32f4xx_hal_i2s.o
    0x08001360   0x08001360   0x00000004   Code   RO          812    i.HAL_I2S_IRQHandler  stm32f4xx_hal_i2s.o
    0x08001364   0x08001364   0x000001a0   Code   RO          813    i.HAL_I2S_Init      stm32f4xx_hal_i2s.o
    0x08001504   0x08001504   0x000000e0   Code   RO          441    i.HAL_I2S_MspInit   i2s.o
    0x080015e4   0x080015e4   0x00000002   Code   RO          819    i.HAL_I2S_RxCpltCallback  stm32f4xx_hal_i2s.o
    0x080015e6   0x080015e6   0x00000002   PAD
    0x080015e8   0x080015e8   0x000000c0   Code   RO          822    i.HAL_I2S_Transmit_DMA  stm32f4xx_hal_i2s.o
    0x080016a8   0x080016a8   0x0000004c   Code   RO          310    i.HAL_I2S_TxCpltCallback  main.o
    0x080016f4   0x080016f4   0x00000050   Code   RO          311    i.HAL_I2S_TxHalfCpltCallback  main.o
    0x08001744   0x08001744   0x00000010   Code   RO         2027    i.HAL_IncTick       stm32f4xx_hal.o
    0x08001754   0x08001754   0x00000034   Code   RO         2028    i.HAL_Init          stm32f4xx_hal.o
    0x08001788   0x08001788   0x00000040   Code   RO         2029    i.HAL_InitTick      stm32f4xx_hal.o
    0x080017c8   0x080017c8   0x00000030   Code   RO          756    i.HAL_MspInit       stm32f4xx_hal_msp.o
    0x080017f8   0x080017f8   0x0000001a   Code   RO         1878    i.HAL_NVIC_EnableIRQ  stm32f4xx_hal_cortex.o
    0x08001812   0x08001812   0x00000002   PAD
    0x08001814   0x08001814   0x00000040   Code   RO         1884    i.HAL_NVIC_SetPriority  stm32f4xx_hal_cortex.o
    0x08001854   0x08001854   0x00000024   Code   RO         1885    i.HAL_NVIC_SetPriorityGrouping  stm32f4xx_hal_cortex.o
    0x08001878   0x08001878   0x00000028   Code   RO         3823    i.HAL_PCDEx_ActivateLPM  stm32f4xx_hal_pcd_ex.o
    0x080018a0   0x080018a0   0x000000ee   Code   RO         3617    i.HAL_PCD_Init      stm32f4xx_hal_pcd.o
    0x0800198e   0x0800198e   0x00000002   PAD
    0x08001990   0x08001990   0x00000084   Code   RO          573    i.HAL_PCD_MspInit   usb_otg.o
    0x08001a14   0x08001a14   0x000000d8   Code   RO         1173    i.HAL_RCCEx_GetPeriphCLKFreq  stm32f4xx_hal_rcc_ex.o
    0x08001aec   0x08001aec   0x00000338   Code   RO         1174    i.HAL_RCCEx_PeriphCLKConfig  stm32f4xx_hal_rcc_ex.o
    0x08001e24   0x08001e24   0x00000134   Code   RO         1069    i.HAL_RCC_ClockConfig  stm32f4xx_hal_rcc.o
    0x08001f58   0x08001f58   0x00000020   Code   RO         1076    i.HAL_RCC_GetPCLK1Freq  stm32f4xx_hal_rcc.o
    0x08001f78   0x08001f78   0x00000020   Code   RO         1077    i.HAL_RCC_GetPCLK2Freq  stm32f4xx_hal_rcc.o
    0x08001f98   0x08001f98   0x00000060   Code   RO         1078    i.HAL_RCC_GetSysClockFreq  stm32f4xx_hal_rcc.o
    0x08001ff8   0x08001ff8   0x00000380   Code   RO         1178    i.HAL_RCC_OscConfig  stm32f4xx_hal_rcc_ex.o
    0x08002378   0x08002378   0x00000028   Code   RO         1889    i.HAL_SYSTICK_Config  stm32f4xx_hal_cortex.o
    0x080023a0   0x080023a0   0x00000002   Code   RO         2972    i.HAL_TIMEx_BreakCallback  stm32f4xx_hal_tim_ex.o
    0x080023a2   0x080023a2   0x00000002   Code   RO         2973    i.HAL_TIMEx_CommutCallback  stm32f4xx_hal_tim_ex.o
    0x080023a4   0x080023a4   0x00000090   Code   RO         2991    i.HAL_TIMEx_MasterConfigSynchronization  stm32f4xx_hal_tim_ex.o
    0x08002434   0x08002434   0x0000005a   Code   RO         2268    i.HAL_TIM_Base_Init  stm32f4xx_hal_tim.o
    0x0800248e   0x0800248e   0x00000002   PAD
    0x08002490   0x08002490   0x00000060   Code   RO          483    i.HAL_TIM_Base_MspInit  tim.o
    0x080024f0   0x080024f0   0x00000080   Code   RO         2273    i.HAL_TIM_Base_Start_IT  stm32f4xx_hal_tim.o
    0x08002570   0x08002570   0x000000dc   Code   RO         2277    i.HAL_TIM_ConfigClockSource  stm32f4xx_hal_tim.o
    0x0800264c   0x0800264c   0x00000002   Code   RO         2302    i.HAL_TIM_IC_CaptureCallback  stm32f4xx_hal_tim.o
    0x0800264e   0x0800264e   0x00000166   Code   RO         2316    i.HAL_TIM_IRQHandler  stm32f4xx_hal_tim.o
    0x080027b4   0x080027b4   0x00000002   Code   RO         2319    i.HAL_TIM_OC_DelayElapsedCallback  stm32f4xx_hal_tim.o
    0x080027b6   0x080027b6   0x00000002   Code   RO         2346    i.HAL_TIM_PWM_PulseFinishedCallback  stm32f4xx_hal_tim.o
    0x080027b8   0x080027b8   0x00000018   Code   RO          312    i.HAL_TIM_PeriodElapsedCallback  main.o
    0x080027d0   0x080027d0   0x00000002   Code   RO         2359    i.HAL_TIM_TriggerCallback  stm32f4xx_hal_tim.o
    0x080027d2   0x080027d2   0x00000062   Code   RO         3268    i.HAL_UART_Init     stm32f4xx_hal_uart.o
    0x08002834   0x08002834   0x0000006c   Code   RO          531    i.HAL_UART_MspInit  usart.o
    0x080028a0   0x080028a0   0x000000b2   Code   RO         3276    i.HAL_UART_Transmit  stm32f4xx_hal_uart.o
    0x08002952   0x08002952   0x00000002   Code   RO          624    i.HardFault_Handler  stm32f4xx_it.o
    0x08002954   0x08002954   0x00000060   Code   RO          991    i.I2SEx_RxISR_I2SExt  stm32f4xx_hal_i2s_ex.o
    0x080029b4   0x080029b4   0x00000060   Code   RO          992    i.I2SEx_TxISR_I2SExt  stm32f4xx_hal_i2s_ex.o
    0x08002a14   0x08002a14   0x00000028   Code   RO          826    i.I2S_DMAError      stm32f4xx_hal_i2s.o
    0x08002a3c   0x08002a3c   0x00000024   Code   RO          829    i.I2S_DMATxCplt     stm32f4xx_hal_i2s.o
    0x08002a60   0x08002a60   0x0000000a   Code   RO          830    i.I2S_DMATxHalfCplt  stm32f4xx_hal_i2s.o
    0x08002a6a   0x08002a6a   0x000000f2   Code   RO          831    i.I2S_IRQHandler    stm32f4xx_hal_i2s.o
    0x08002b5c   0x08002b5c   0x0000002c   Code   RO          416    i.MX_DMA_Init       dma.o
    0x08002b88   0x08002b88   0x000001b8   Code   RO          392    i.MX_GPIO_Init      gpio.o
    0x08002d40   0x08002d40   0x0000003c   Code   RO          442    i.MX_I2S2_Init      i2s.o
    0x08002d7c   0x08002d7c   0x00000064   Code   RO          484    i.MX_TIM2_Init      tim.o
    0x08002de0   0x08002de0   0x00000068   Code   RO          485    i.MX_TIM3_Init      tim.o
    0x08002e48   0x08002e48   0x00000038   Code   RO          532    i.MX_USART3_UART_Init  usart.o
    0x08002e80   0x08002e80   0x0000003c   Code   RO          574    i.MX_USB_OTG_FS_PCD_Init  usb_otg.o
    0x08002ebc   0x08002ebc   0x00000002   Code   RO          625    i.MemManage_Handler  stm32f4xx_it.o
    0x08002ebe   0x08002ebe   0x00000002   Code   RO          626    i.NMI_Handler       stm32f4xx_it.o
    0x08002ec0   0x08002ec0   0x0000014c   Code   RO          190    i.NoteOn            wavegener.o
    0x0800300c   0x0800300c   0x00000002   Code   RO          627    i.PendSV_Handler    stm32f4xx_it.o
    0x0800300e   0x0800300e   0x00000002   PAD
    0x08003010   0x08003010   0x0000000c   Code   RO          628    i.SPI2_IRQHandler   stm32f4xx_it.o
    0x0800301c   0x0800301c   0x00000002   Code   RO          629    i.SVC_Handler       stm32f4xx_it.o
    0x0800301e   0x0800301e   0x00000002   PAD
    0x08003020   0x08003020   0x000000f0   Code   RO          313    i.ScanFunctionKeys  main.o
    0x08003110   0x08003110   0x00000050   Code   RO          191    i.SwitchTone        wavegener.o
    0x08003160   0x08003160   0x000001ec   Code   RO          192    i.SynthGenSample    wavegener.o
    0x0800334c   0x0800334c   0x000000a0   Code   RO          193    i.SynthInit         wavegener.o
    0x080033ec   0x080033ec   0x00000004   Code   RO          630    i.SysTick_Handler   stm32f4xx_it.o
    0x080033f0   0x080033f0   0x000000c0   Code   RO          314    i.SystemClock_Config  main.o
    0x080034b0   0x080034b0   0x00000010   Code   RO         4192    i.SystemInit        system_stm32f4xx.o
    0x080034c0   0x080034c0   0x0000000c   Code   RO          631    i.TIM2_IRQHandler   stm32f4xx_it.o
    0x080034cc   0x080034cc   0x0000000c   Code   RO          632    i.TIM3_IRQHandler   stm32f4xx_it.o
    0x080034d8   0x080034d8   0x000000c8   Code   RO         2361    i.TIM_Base_SetConfig  stm32f4xx_hal_tim.o
    0x080035a0   0x080035a0   0x00000014   Code   RO         2372    i.TIM_ETR_SetConfig  stm32f4xx_hal_tim.o
    0x080035b4   0x080035b4   0x00000010   Code   RO         2373    i.TIM_ITRx_SetConfig  stm32f4xx_hal_tim.o
    0x080035c4   0x080035c4   0x00000022   Code   RO         2379    i.TIM_TI1_ConfigInputStage  stm32f4xx_hal_tim.o
    0x080035e6   0x080035e6   0x00000024   Code   RO         2381    i.TIM_TI2_ConfigInputStage  stm32f4xx_hal_tim.o
    0x0800360a   0x0800360a   0x00000002   PAD
    0x0800360c   0x0800360c   0x0000002c   Code   RO          777    i.Tone_Apply        tone.o
    0x08003638   0x08003638   0x00000010   Code   RO          778    i.Tone_Init         tone.o
    0x08003648   0x08003648   0x00000120   Code   RO         3294    i.UART_SetConfig    stm32f4xx_hal_uart.o
    0x08003768   0x08003768   0x00000078   Code   RO         3297    i.UART_WaitOnFlagUntilTimeout  stm32f4xx_hal_uart.o
    0x080037e0   0x080037e0   0x00000074   Code   RO         3899    i.USB_CoreInit      stm32f4xx_ll_usb.o
    0x08003854   0x08003854   0x00000040   Code   RO         3900    i.USB_CoreReset     stm32f4xx_ll_usb.o
    0x08003894   0x08003894   0x0000001c   Code   RO         3905    i.USB_DevDisconnect  stm32f4xx_ll_usb.o
    0x080038b0   0x080038b0   0x00000170   Code   RO         3906    i.USB_DevInit       stm32f4xx_ll_usb.o
    0x08003a20   0x08003a20   0x0000000c   Code   RO         3907    i.USB_DisableGlobalInt  stm32f4xx_ll_usb.o
    0x08003a2c   0x08003a2c   0x00000028   Code   RO         3916    i.USB_FlushRxFifo   stm32f4xx_ll_usb.o
    0x08003a54   0x08003a54   0x0000002c   Code   RO         3917    i.USB_FlushTxFifo   stm32f4xx_ll_usb.o
    0x08003a80   0x08003a80   0x0000005c   Code   RO         3935    i.USB_SetCurrentMode  stm32f4xx_ll_usb.o
    0x08003adc   0x08003adc   0x000000ec   Code   RO          194    i.UpdateEnvelopes   wavegener.o
    0x08003bc8   0x08003bc8   0x00000002   Code   RO          633    i.UsageFault_Handler  stm32f4xx_it.o
    0x08003bca   0x08003bca   0x00000002   PAD
    0x08003bcc   0x08003bcc   0x00000034   Code   RO         4499    i.__0snprintf       mc_w.l(printfa.o)
    0x08003c00   0x08003c00   0x00000030   Code   RO         4561    i.__ARM_fpclassify  m_wm.l(fpclassify.o)
    0x08003c30   0x08003c30   0x00000020   Code   RO         1891    i.__NVIC_SetPriority  stm32f4xx_hal_cortex.o
    0x08003c50   0x08003c50   0x00000c50   Code   RO         4226    i.__hardfp_pow      m_wm.l(pow.o)
    0x080048a0   0x080048a0   0x000000c8   Code   RO         4240    i.__hardfp_sin      m_wm.l(sin.o)
    0x08004968   0x08004968   0x00000438   Code   RO         4566    i.__ieee754_rem_pio2  m_wm.l(rred.o)
    0x08004da0   0x08004da0   0x00000170   Code   RO         4538    i.__kernel_cos      m_wm.l(cos_i.o)
    0x08004f10   0x08004f10   0x000000f8   Code   RO         4563    i.__kernel_poly     m_wm.l(poly.o)
    0x08005008   0x08005008   0x00000130   Code   RO         4571    i.__kernel_sin      m_wm.l(sin_i.o)
    0x08005138   0x08005138   0x00000030   Code   RO         4541    i.__mathlib_dbl_divzero  m_wm.l(dunder.o)
    0x08005168   0x08005168   0x00000014   Code   RO         4542    i.__mathlib_dbl_infnan  m_wm.l(dunder.o)
    0x0800517c   0x0800517c   0x00000014   Code   RO         4543    i.__mathlib_dbl_infnan2  m_wm.l(dunder.o)
    0x08005190   0x08005190   0x00000020   Code   RO         4544    i.__mathlib_dbl_invalid  m_wm.l(dunder.o)
    0x080051b0   0x080051b0   0x00000020   Code   RO         4545    i.__mathlib_dbl_overflow  m_wm.l(dunder.o)
    0x080051d0   0x080051d0   0x00000020   Code   RO         4547    i.__mathlib_dbl_underflow  m_wm.l(dunder.o)
    0x080051f0   0x080051f0   0x0000000e   Code   RO         4648    i.__scatterload_copy  mc_w.l(handlers.o)
    0x080051fe   0x080051fe   0x00000002   Code   RO         4649    i.__scatterload_null  mc_w.l(handlers.o)
    0x08005200   0x08005200   0x0000000e   Code   RO         4650    i.__scatterload_zeroinit  mc_w.l(handlers.o)
    0x0800520e   0x0800520e   0x00000002   PAD
    0x08005210   0x08005210   0x0000000c   Code   RO         4616    i.__set_errno       mc_w.l(errno.o)
    0x0800521c   0x0800521c   0x00000184   Code   RO         4505    i._fp_digits        mc_w.l(printfa.o)
    0x080053a0   0x080053a0   0x000006b4   Code   RO         4506    i._printf_core      mc_w.l(printfa.o)
    0x08005a54   0x08005a54   0x00000024   Code   RO         4507    i._printf_post_padding  mc_w.l(printfa.o)
    0x08005a78   0x08005a78   0x0000002e   Code   RO         4508    i._printf_pre_padding  mc_w.l(printfa.o)
    0x08005aa6   0x08005aa6   0x00000016   Code   RO         4509    i._snputc           mc_w.l(printfa.o)
    0x08005abc   0x08005abc   0x000000dc   Code   RO          263    i.audioInit         audiodma.o
    0x08005b98   0x08005b98   0x00000020   Code   RO          264    i.audioSchedule     audiodma.o
    0x08005bb8   0x08005bb8   0x00000018   Code   RO         4557    i.fabs              m_wm.l(fabs.o)
    0x08005bd0   0x08005bd0   0x00000020   Code   RO          265    i.fillBlock         audiodma.o
    0x08005bf0   0x08005bf0   0x00000054   Code   RO          315    i.main              main.o
    0x08005c44   0x08005c44   0x0000006e   Code   RO         4579    i.sqrt              m_wm.l(sqrt.o)
    0x08005cb2   0x08005cb2   0x00000036   Data   RO          779    .constdata          tone.o
    0x08005ce8   0x08005ce8   0x00000008   Data   RO         1584    .constdata          stm32f4xx_hal_dma.o
    0x08005cf0   0x08005cf0   0x00000010   Data   RO         4193    .constdata          system_stm32f4xx.o
    0x08005d00   0x08005d00   0x00000008   Data   RO         4194    .constdata          system_stm32f4xx.o
    0x08005d08   0x08005d08   0x00000088   Data   RO         4229    .constdata          m_wm.l(pow.o)
    0x08005d90   0x08005d90   0x00000030   Data   RO         4539    .constdata          m_wm.l(cos_i.o)
    0x08005dc0   0x08005dc0   0x00000008   Data   RO         4565    .constdata          m_wm.l(qnan.o)
    0x08005dc8   0x08005dc8   0x000000c8   Data   RO         4568    .constdata          m_wm.l(rred.o)
    0x08005e90   0x08005e90   0x00000028   Data   RO         4572    .constdata          m_wm.l(sin_i.o)
    0x08005eb8   0x08005eb8   0x00000020   Data   RO         4646    Region$$Table       anon$$obj.o


    Execution Region RW_IRAM1 (Exec base: 0x20000000, Load base: 0x08005ed8, Size: 0x000023c8, Max: 0x00050000, ABSOLUTE, COMPRESSED[0x00000070])

    Exec Addr    Load Addr    Size         Type   Attr      Idx    E Section Name        Object

    0x20000000   COMPRESSED   0x00000068   Data   RW          196    .data               wavegener.o
    0x20000068   COMPRESSED   0x00000004   Data   RW          266    .data               audiodma.o
    0x2000006c   COMPRESSED   0x00000010   Data   RW          316    .data               main.o
    0x2000007c   COMPRESSED   0x00000001   Data   RW          780    .data               tone.o
    0x2000007d   COMPRESSED   0x00000003   PAD
    0x20000080   COMPRESSED   0x0000000c   Data   RW         2035    .data               stm32f4xx_hal.o
    0x2000008c   COMPRESSED   0x00000004   Data   RW         4195    .data               system_stm32f4xx.o
    0x20000090   COMPRESSED   0x00000004   Data   RW         4617    .data               mc_w.l(errno.o)
    0x20000094   COMPRESSED   0x00001000   Data   RW          267    .ram2               audiodma.o
    0x20001094        -       0x000009b0   Zero   RW          195    .bss                wavegener.o
    0x20001a44        -       0x000000a8   Zero   RW          443    .bss                i2s.o
    0x20001aec        -       0x00000090   Zero   RW          486    .bss                tim.o
    0x20001b7c        -       0x00000044   Zero   RW          533    .bss                usart.o
    0x20001bc0        -       0x00000408   Zero   RW          575    .bss                usb_otg.o
    0x20001fc8        -       0x00000400   Zero   RW            1    STACK               startup_stm32f413xx.o


==============================================================================

Image component sizes


      Code (inc. data)   RO Data    RW Data    ZI Data      Debug   Object Name

       284        112          0       4100          0       2280   audiodma.o
        44          4          0          0          0        738   dma.o
       440         26          0          0          0       1123   gpio.o
       284         36          0          0        168       1750   i2s.o
       222         48          0          0          0     715860   inputhandler.o
       712        100          0         16          0       5696   main.o
        36          8        472          0       1024        816   startup_stm32f413xx.o
       180         28          0         12          0       9389   stm32f4xx_hal.o
       198         14          0          0          0      33839   stm32f4xx_hal_cortex.o
       902         16          8          0          0       5683   stm32f4xx_hal_dma.o
       520         46          0          0          0       3382   stm32f4xx_hal_gpio.o
       944         34          0          0          0       6780   stm32f4xx_hal_i2s.o
       694         24          0          0          0       3655   stm32f4xx_hal_i2s_ex.o
        48          6          0          0          0        818   stm32f4xx_hal_msp.o
       238          0          0          0          0       1711   stm32f4xx_hal_pcd.o
        40          6          0          0          0       1090   stm32f4xx_hal_pcd_ex.o
       468         52          0          0          0       3604   stm32f4xx_hal_rcc.o
      1936         66          0          0          0       4505   stm32f4xx_hal_rcc_ex.o
      1110         72          0          0          0       9921   stm32f4xx_hal_tim.o
       148         28          0          0          0       2389   stm32f4xx_hal_tim_ex.o
       684         18          0          0          0       4088   stm32f4xx_hal_uart.o
       160         24          0          0          0       9053   stm32f4xx_it.o
       764         28          0          0          0       7181   stm32f4xx_ll_usb.o
        16          4         24          4          0       1075   system_stm32f4xx.o
       300         22          0          0        144       2323   tim.o
        60          8         54          1          0       1531   tone.o
       164         22          0          0         68       1646   usart.o
       192         12          0          0       1032       1709   usb_otg.o
      1468        298          0        104       2480       7182   wavegener.o

    ----------------------------------------------------------------------
     13278       1162        590       4240       4916     850817   Object Totals
         0          0         32          0          0          0   (incl. Generated)
        22          0          0          3          0          0   (incl. Padding)

    ----------------------------------------------------------------------

      Code (inc. data)   RO Data    RW Data    ZI Data      Debug   Library Member Name

       368         46         48          0          0        200   cos_i.o
       184         44          0          0          0        744   dunder.o
        24          0          0          0          0        124   fabs.o
        48          0          0          0          0        124   fpclassify.o
       248          0          0          0          0        152   poly.o
      3152        296        136          0          0        352   pow.o
         0          0          8          0          0          0   qnan.o
      1080        142        200          0          0        188   rred.o
       200         20          0          0          0        164   sin.o
       304         24         40          0          0        208   sin_i.o
       110          0          0          0          0        148   sqrt.o
        86          0          0          0          0          0   __dczerorl2.o
         0          0          0          0          0          0   entry.o
         0          0          0          0          0          0   entry10a.o
         0          0          0          0          0          0   entry11a.o
         4          0          0          0          0          0   entry12b.o
         8          4          0          0          0          0   entry2.o
         4          0          0          0          0          0   entry5.o
         0          0          0          0          0          0   entry7b.o
         0          0          0          0          0          0   entry8b.o
         8          4          0          0          0          0   entry9a.o
        12          6          0          4          0         68   errno.o
        30          0          0          0          0          0   handlers.o
        36          8          0          0          0         68   init.o
         0          0          0          0          0          0   iusefp.o
        30          0          0          0          0         68   llshl.o
        36          0          0          0          0         68   llsshr.o
        32          0          0          0          0         68   llushr.o
        36          0          0          0          0         68   memcpya.o
        36          0          0          0          0        108   memseta.o
      2260         84          0          0          0        536   printfa.o
        14          0          0          0          0         68   strlen.o
        44          0          0          0          0         80   uidiv.o
        98          0          0          0          0         92   uldiv.o
        48          0          0          0          0         68   cdrcmple.o
       334          0          0          0          0        148   dadd.o
       222          0          0          0          0        100   ddiv.o
       186          0          0          0          0        176   depilogue.o
        62          0          0          0          0         80   dfixi.o
        50          0          0          0          0         76   dfixui.o
        48          0          0          0          0         68   dfixul.o
        34          0          0          0          0         76   dflti.o
        26          0          0          0          0         76   dfltui.o
       228          0          0          0          0         96   dmul.o
        46          0          0          0          0         80   dscalb.o
       162          0          0          0          0        100   dsqrt.o
        38          0          0          0          0         68   f2d.o

    ----------------------------------------------------------------------
      9980        678        432          4          0       4908   Library Totals
         4          0          0          0          0          0   (incl. Padding)

    ----------------------------------------------------------------------

      Code (inc. data)   RO Data    RW Data    ZI Data      Debug   Library Name

      5718        572        432          0          0       2404   m_wm.l
      2774        106          0          4          0       1292   mc_w.l
      1484          0          0          0          0       1212   mf_w.l

    ----------------------------------------------------------------------
      9980        678        432          4          0       4908   Library Totals

    ----------------------------------------------------------------------

==============================================================================


      Code (inc. data)   RO Data    RW Data    ZI Data      Debug   

     23258       1840       1022       4244       4916     841709   Grand Totals
     23258       1840       1022        112       4916     841709   ELF Image Totals (compressed)
     23258       1840       1022        112          0          0   ROM Totals

==============================================================================

    Total RO  Size (Code + RO Data)                24280 (  23.71kB)
    Total RW  Size (RW Data + ZI Data)              9160 (   8.95kB)
    Total ROM Size (Code + RO Data + RW Data)      24392 (  23.82kB)

==============================================================================

